// Jest Snapshot v1, https://goo.gl/fbAQLP

exports[`npx qawolf create creates the code file with the custom template 1`] = `
"import { Browser, BrowserContext } from 'playwright';
import qawolf from 'qawolf';
import { connect } from '../browser';
import { TEST_URL } from '../utils';

let browser: Browser;
let context: BrowserContext;

beforeAll(async () => {
  browser = await connect();
  context = await browser.newContext();
  await qawolf.register(context);
});

afterAll(async () => {
  await qawolf.stopVideos();
  await browser.close();
});

test(\\"qawolf\\", async () => {
  const targetPage = await context.newPage();
  const targetId = (targetPage as any)._delegate._targetId;
  console.log(\`targetId=\\"\${targetId}\\"\`);
  await targetPage.goto(\`\${TEST_URL}infinite-scroll\`);
  await qawolf.create();
});"
`;
