// Jest Snapshot v1, https://goo.gl/fbAQLP

exports[`npx qawolf create creates the code file with the custom template 1`] = `
"import { Browser, Page } from 'playwright';
import qawolf from 'qawolf';
import { connect } from '../browser';
import { TEST_URL } from '../utils';

let browser: Browser;
let page: Page;

beforeAll(async () => {
  browser = await connect();
  const context = await browser.newContext();
  await qawolf.register(context);
  page = await context.newPage();
  const targetId = (page as any)._delegate._targetId;
  console.log(\`targetId=\\"\${targetId}\\"\`);
});

afterAll(async () => {
  await qawolf.stopVideos();
  await browser.close();
});

test('example', async () => {
  await page.goto(\`\${TEST_URL}infinite-scroll\`);
  await qawolf.create();
});"
`;
