// Jest Snapshot v1, https://goo.gl/fbAQLP

exports[`npx qawolf create creates the code file with the custom template 1`] = `
"import qawolf from 'qawolf';
import { connect } from '../browser';
import { TEST_URL } from '../utils';

test(\\"example\\", async () => {
  const browser = await connect();
  const context = await browser.newContext();
  await qawolf.register(context);
  const page = await context.newPage();
  const targetId = (page as any)._delegate._targetId;
  console.log(\`targetId=\\"\${targetId}\\"\`);

  await page.goto(\`\${TEST_URL}infinite-scroll\`);
  await qawolf.create();

  await qawolf.stopVideos();
  await browser.close();
});"
`;
