// Jest Snapshot v1, https://goo.gl/fbAQLP

exports[`buildSteps builds expected steps 1`] = `
Array [
  Object {
    "action": "click",
    "event": Object {
      "isTrusted": true,
      "name": "mousedown",
      "page": 0,
      "selector": "text=Log in",
      "target": Object {
        "attrs": Object {
          "href": "/login",
        },
        "children": Array [
          Object {
            "content": "Log in",
            "type": "text",
          },
        ],
        "name": "a",
        "type": "tag",
        "voidElement": false,
      },
      "time": 1594320817272,
    },
    "index": 0,
  },
  Object {
    "action": "click",
    "event": Object {
      "isTrusted": true,
      "name": "mousedown",
      "page": 0,
      "selector": "#username",
      "target": Object {
        "attrs": Object {
          "autocomplete": "off",
          "id": "username",
          "type": "text",
          "value": "",
        },
        "children": Array [],
        "name": "input",
        "type": "tag",
        "voidElement": true,
      },
      "time": 1594320835058,
    },
    "index": 1,
  },
  Object {
    "action": "fill",
    "event": Object {
      "isTrusted": true,
      "name": "input",
      "page": 0,
      "selector": "#username",
      "target": Object {
        "attrs": Object {
          "autocomplete": "off",
          "id": "username",
          "type": "text",
          "value": "tomsmit",
        },
        "children": Array [],
        "name": "input",
        "type": "tag",
        "voidElement": true,
      },
      "time": 1594320836394,
      "value": "tomsmith",
    },
    "index": 2,
    "value": "tomsmith",
  },
  Object {
    "action": "press",
    "event": Object {
      "isTrusted": true,
      "name": "keydown",
      "page": 0,
      "selector": "#username",
      "target": Object {
        "attrs": Object {
          "autocomplete": "off",
          "id": "username",
          "type": "text",
          "value": "tomsmith",
        },
        "children": Array [],
        "name": "input",
        "type": "tag",
        "voidElement": true,
      },
      "time": 1594320836752,
      "value": "Tab",
    },
    "index": 3,
    "value": "Tab",
  },
  Object {
    "action": "fill",
    "event": Object {
      "isTrusted": true,
      "name": "input",
      "page": 0,
      "selector": "#password",
      "target": Object {
        "attrs": Object {
          "autocomplete": "off",
          "id": "password",
          "type": "password",
          "value": "",
        },
        "children": Array [],
        "name": "input",
        "type": "tag",
        "voidElement": true,
      },
      "time": 1594320837432,
      "value": "SuperSecretPassword!",
    },
    "index": 4,
    "value": "SuperSecretPassword!",
  },
  Object {
    "action": "press",
    "event": Object {
      "isTrusted": true,
      "name": "keydown",
      "page": 0,
      "selector": "#password",
      "target": Object {
        "attrs": Object {
          "autocomplete": "off",
          "id": "password",
          "type": "password",
          "value": "SuperSecretPassword!",
        },
        "children": Array [],
        "name": "input",
        "type": "tag",
        "voidElement": true,
      },
      "time": 1594320838011,
      "value": "Enter",
    },
    "index": 5,
    "value": "Enter",
  },
  Object {
    "action": "click",
    "event": Object {
      "isTrusted": true,
      "name": "mousedown",
      "page": 0,
      "selector": "text=Log out",
      "target": Object {
        "attrs": Object {},
        "children": Array [
          Object {
            "attrs": Object {},
            "children": Array [
              Object {
                "content": "Log out",
                "type": "text",
              },
            ],
            "name": "p",
            "type": "tag",
            "voidElement": false,
          },
        ],
        "name": "button",
        "type": "tag",
        "voidElement": false,
      },
      "time": 1594320839676,
    },
    "index": 6,
  },
]
`;
