// Jest Snapshot v1, https://goo.gl/fbAQLP

exports[`buildSteps builds expected steps 1`] = `
Array [
  Object {
    "action": "click",
    "event": Object {
      "index": 0,
      "isTrusted": true,
      "name": "mousedown",
      "page": 0,
      "selector": "text=\\"Log in\\"",
      "target": Object {
        "attrs": Object {
          "href": "/login",
        },
        "children": Array [
          Object {
            "content": "Log in",
            "type": "text",
          },
        ],
        "name": "a",
        "type": "tag",
        "voidElement": false,
      },
      "time": 1588025517066,
    },
    "index": 0,
  },
  Object {
    "action": "click",
    "event": Object {
      "index": 2,
      "isTrusted": true,
      "name": "mousedown",
      "page": 0,
      "selector": "#username",
      "target": Object {
        "attrs": Object {
          "autocomplete": "off",
          "id": "username",
          "type": "text",
          "value": "",
        },
        "children": Array [],
        "name": "input",
        "type": "tag",
        "voidElement": true,
      },
      "time": 1588025518191,
    },
    "index": 1,
  },
  Object {
    "action": "type",
    "event": Object {
      "index": 4,
      "isTrusted": true,
      "name": "keydown",
      "page": 0,
      "selector": "#username",
      "target": Object {
        "attrs": Object {
          "autocomplete": "off",
          "id": "username",
          "type": "text",
          "value": "",
        },
        "children": Array [],
        "name": "input",
        "type": "tag",
        "voidElement": true,
      },
      "time": 1588025518976,
      "value": "t",
    },
    "index": 2,
    "value": "tomsmith",
  },
  Object {
    "action": "press",
    "event": Object {
      "index": 20,
      "isTrusted": true,
      "name": "keydown",
      "page": 0,
      "selector": "#username",
      "target": Object {
        "attrs": Object {
          "autocomplete": "off",
          "id": "username",
          "type": "text",
          "value": "tomsmith",
        },
        "children": Array [],
        "name": "input",
        "type": "tag",
        "voidElement": true,
      },
      "time": 1588025520059,
      "value": "Tab",
    },
    "index": 3,
    "value": "Tab",
  },
  Object {
    "action": "type",
    "event": Object {
      "index": 24,
      "isTrusted": true,
      "name": "paste",
      "page": 0,
      "selector": "#password",
      "target": Object {
        "attrs": Object {
          "autocomplete": "off",
          "id": "password",
          "type": "password",
          "value": "",
        },
        "children": Array [],
        "name": "input",
        "type": "tag",
        "voidElement": true,
      },
      "time": 1588025520971,
      "value": "SuperSecretPassword!",
    },
    "index": 4,
    "value": "SuperSecretPassword!",
  },
  Object {
    "action": "press",
    "event": Object {
      "index": 26,
      "isTrusted": true,
      "name": "keydown",
      "page": 0,
      "selector": "#password",
      "target": Object {
        "attrs": Object {
          "autocomplete": "off",
          "id": "password",
          "type": "password",
          "value": "SuperSecretPassword!",
        },
        "children": Array [],
        "name": "input",
        "type": "tag",
        "voidElement": true,
      },
      "time": 1588025521606,
      "value": "Enter",
    },
    "index": 5,
    "value": "Enter",
  },
  Object {
    "action": "click",
    "event": Object {
      "index": 29,
      "isTrusted": true,
      "name": "mousedown",
      "page": 0,
      "selector": "text=\\"Log out\\"",
      "target": Object {
        "attrs": Object {},
        "children": Array [
          Object {
            "content": "Log out",
            "type": "text",
          },
        ],
        "name": "p",
        "type": "tag",
        "voidElement": false,
      },
      "time": 1588025523112,
    },
    "index": 6,
  },
]
`;
