// Jest Snapshot v1, https://goo.gl/fbAQLP

exports[`iterate cues orders attributes cues first then types with equal or higher rank 1`] = `
Array [
  Array [
    "0data-qa",
  ],
  Array [
    "0data-testid",
  ],
  Array [
    "0data-qa",
    "0data-testid",
  ],
  Array [
    "0data-qa",
    "1data-qa",
  ],
  Array [
    "0data-qa",
    "1data-testid",
  ],
  Array [
    "0data-qa",
    "0data-testid",
    "1data-qa",
  ],
  Array [
    "0data-qa",
    "0data-testid",
    "1data-testid",
  ],
  Array [
    "0data-qa",
    "0data-testid",
    "1data-qa",
    "1data-testid",
  ],
  Array [
    "0data-qa",
    "1data-qa",
    "1data-testid",
  ],
  Array [
    "0data-testid",
    "1data-qa",
  ],
  Array [
    "0data-testid",
    "1data-testid",
  ],
  Array [
    "0data-testid",
    "1data-qa",
    "1data-testid",
  ],
  Array [
    "0id",
  ],
  Array [
    "0data-qa",
    "0id",
  ],
  Array [
    "0data-qa",
    "1id",
  ],
  Array [
    "0data-qa",
    "0data-testid",
    "0id",
  ],
  Array [
    "0data-qa",
    "0data-testid",
    "1id",
  ],
  Array [
    "0data-qa",
    "0data-testid",
    "1data-qa",
    "0id",
  ],
  Array [
    "0data-qa",
    "0data-testid",
    "1data-qa",
    "1id",
  ],
  Array [
    "0data-qa",
    "0data-testid",
    "1data-qa",
    "1data-testid",
    "0id",
  ],
  Array [
    "0data-qa",
    "0data-testid",
    "1data-qa",
    "1data-testid",
    "1id",
  ],
  Array [
    "0data-qa",
    "0data-testid",
    "1data-testid",
    "0id",
  ],
  Array [
    "0data-qa",
    "0data-testid",
    "1data-testid",
    "1id",
  ],
  Array [
    "0data-qa",
    "1data-qa",
    "0id",
  ],
  Array [
    "0data-qa",
    "1data-qa",
    "1id",
  ],
  Array [
    "0data-qa",
    "1data-qa",
    "1data-testid",
    "0id",
  ],
  Array [
    "0data-qa",
    "1data-qa",
    "1data-testid",
    "1id",
  ],
  Array [
    "0data-qa",
    "1data-testid",
    "0id",
  ],
  Array [
    "0data-qa",
    "1data-testid",
    "1id",
  ],
  Array [
    "0data-testid",
    "0id",
  ],
  Array [
    "0data-testid",
    "1id",
  ],
  Array [
    "0data-testid",
    "1data-qa",
    "0id",
  ],
  Array [
    "0data-testid",
    "1data-qa",
    "1id",
  ],
  Array [
    "0data-testid",
    "1data-qa",
    "1data-testid",
    "0id",
  ],
  Array [
    "0data-testid",
    "1data-qa",
    "1data-testid",
    "1id",
  ],
  Array [
    "0data-testid",
    "1data-testid",
    "0id",
  ],
  Array [
    "0data-testid",
    "1data-testid",
    "1id",
  ],
  Array [
    "0data-qa",
    "0data-testid",
    "1data-qa",
    "1data-testid",
    "0id",
    "1id",
  ],
  Array [
    "0data-qa",
    "0data-testid",
    "1data-qa",
    "0id",
    "1id",
  ],
  Array [
    "0data-qa",
    "0data-testid",
    "1data-testid",
    "0id",
    "1id",
  ],
  Array [
    "0data-qa",
    "0data-testid",
    "0id",
    "1id",
  ],
  Array [
    "0data-qa",
    "1data-qa",
    "1data-testid",
    "0id",
    "1id",
  ],
  Array [
    "0data-qa",
    "1data-qa",
    "0id",
    "1id",
  ],
  Array [
    "0data-qa",
    "1data-testid",
    "0id",
    "1id",
  ],
  Array [
    "0data-qa",
    "0id",
    "1id",
  ],
  Array [
    "0data-testid",
    "1data-qa",
    "1data-testid",
    "0id",
    "1id",
  ],
  Array [
    "0data-testid",
    "1data-qa",
    "0id",
    "1id",
  ],
  Array [
    "0data-testid",
    "1data-testid",
    "0id",
    "1id",
  ],
  Array [
    "0data-testid",
    "0id",
    "1id",
  ],
  Array [
    "0id",
    "1id",
  ],
  Array [
    "0text",
  ],
  Array [
    "0data-qa",
    "0text",
  ],
  Array [
    "0data-qa",
    "1text",
  ],
  Array [
    "0data-qa",
    "0data-testid",
    "0text",
  ],
  Array [
    "0data-qa",
    "0data-testid",
    "1text",
  ],
  Array [
    "0data-qa",
    "0data-testid",
    "1data-qa",
    "0text",
  ],
  Array [
    "0data-qa",
    "0data-testid",
    "1data-qa",
    "1text",
  ],
  Array [
    "0data-qa",
    "0data-testid",
    "1data-qa",
    "1data-testid",
    "0text",
  ],
  Array [
    "0data-qa",
    "0data-testid",
    "1data-qa",
    "1data-testid",
    "1text",
  ],
  Array [
    "0data-qa",
    "0data-testid",
    "1data-testid",
    "0text",
  ],
  Array [
    "0data-qa",
    "0data-testid",
    "1data-testid",
    "1text",
  ],
  Array [
    "0data-qa",
    "1data-qa",
    "0text",
  ],
  Array [
    "0data-qa",
    "1data-qa",
    "1text",
  ],
  Array [
    "0data-qa",
    "1data-qa",
    "1data-testid",
    "0text",
  ],
  Array [
    "0data-qa",
    "1data-qa",
    "1data-testid",
    "1text",
  ],
  Array [
    "0data-qa",
    "1data-testid",
    "0text",
  ],
  Array [
    "0data-qa",
    "1data-testid",
    "1text",
  ],
  Array [
    "0data-testid",
    "0text",
  ],
  Array [
    "0data-testid",
    "1text",
  ],
  Array [
    "0data-testid",
    "1data-qa",
    "0text",
  ],
  Array [
    "0data-testid",
    "1data-qa",
    "1text",
  ],
  Array [
    "0data-testid",
    "1data-qa",
    "1data-testid",
    "0text",
  ],
  Array [
    "0data-testid",
    "1data-qa",
    "1data-testid",
    "1text",
  ],
  Array [
    "0data-testid",
    "1data-testid",
    "0text",
  ],
  Array [
    "0data-testid",
    "1data-testid",
    "1text",
  ],
  Array [
    "0aria-label",
  ],
  Array [
    "0data-qa",
    "0aria-label",
  ],
  Array [
    "0data-qa",
    "1aria-label",
  ],
  Array [
    "0data-qa",
    "0data-testid",
    "0aria-label",
  ],
  Array [
    "0data-qa",
    "0data-testid",
    "1aria-label",
  ],
  Array [
    "0data-qa",
    "0data-testid",
    "1data-qa",
    "0aria-label",
  ],
  Array [
    "0data-qa",
    "0data-testid",
    "1data-qa",
    "1aria-label",
  ],
  Array [
    "0data-qa",
    "0data-testid",
    "1data-qa",
    "1data-testid",
    "0aria-label",
  ],
  Array [
    "0data-qa",
    "0data-testid",
    "1data-qa",
    "1data-testid",
    "1aria-label",
  ],
  Array [
    "0data-qa",
    "0data-testid",
    "1data-qa",
    "1data-testid",
    "0id",
    "0text",
  ],
  Array [
    "0data-qa",
    "0data-testid",
    "1data-qa",
    "1data-testid",
    "0id",
    "1text",
  ],
  Array [
    "0data-qa",
    "0data-testid",
    "1data-qa",
    "1data-testid",
    "1id",
    "0text",
  ],
  Array [
    "0data-qa",
    "0data-testid",
    "1data-qa",
    "1data-testid",
    "1id",
    "1text",
  ],
  Array [
    "0data-qa",
    "0data-testid",
    "1data-qa",
    "0id",
    "0text",
  ],
  Array [
    "0data-qa",
    "0data-testid",
    "1data-qa",
    "0id",
    "1text",
  ],
  Array [
    "0data-qa",
    "0data-testid",
    "1data-qa",
    "1id",
    "0text",
  ],
  Array [
    "0data-qa",
    "0data-testid",
    "1data-qa",
    "1id",
    "1text",
  ],
  Array [
    "0data-qa",
    "0data-testid",
    "1data-testid",
    "0aria-label",
  ],
  Array [
    "0data-qa",
    "0data-testid",
    "1data-testid",
    "1aria-label",
  ],
  Array [
    "0data-qa",
    "0data-testid",
    "1data-testid",
    "0id",
    "0text",
  ],
  Array [
    "0data-qa",
    "0data-testid",
    "1data-testid",
    "0id",
    "1text",
  ],
  Array [
    "0data-qa",
    "0data-testid",
    "1data-testid",
    "1id",
    "0text",
  ],
  Array [
    "0data-qa",
    "0data-testid",
    "1data-testid",
    "1id",
    "1text",
  ],
  Array [
    "0data-qa",
    "0data-testid",
    "0id",
    "0text",
  ],
  Array [
    "0data-qa",
    "0data-testid",
    "0id",
    "1text",
  ],
  Array [
    "0data-qa",
    "0data-testid",
    "1id",
    "0text",
  ],
  Array [
    "0data-qa",
    "0data-testid",
    "1id",
    "1text",
  ],
  Array [
    "0data-qa",
    "1data-qa",
    "0aria-label",
  ],
  Array [
    "0data-qa",
    "1data-qa",
    "1aria-label",
  ],
  Array [
    "0data-qa",
    "1data-qa",
    "1data-testid",
    "0aria-label",
  ],
  Array [
    "0data-qa",
    "1data-qa",
    "1data-testid",
    "1aria-label",
  ],
  Array [
    "0data-qa",
    "1data-qa",
    "1data-testid",
    "0id",
    "0text",
  ],
  Array [
    "0data-qa",
    "1data-qa",
    "1data-testid",
    "0id",
    "1text",
  ],
  Array [
    "0data-qa",
    "1data-qa",
    "1data-testid",
    "1id",
    "0text",
  ],
  Array [
    "0data-qa",
    "1data-qa",
    "1data-testid",
    "1id",
    "1text",
  ],
  Array [
    "0data-qa",
    "1data-qa",
    "0id",
    "0text",
  ],
  Array [
    "0data-qa",
    "1data-qa",
    "0id",
    "1text",
  ],
  Array [
    "0data-qa",
    "1data-qa",
    "1id",
    "0text",
  ],
  Array [
    "0data-qa",
    "1data-qa",
    "1id",
    "1text",
  ],
  Array [
    "0data-qa",
    "1data-testid",
    "0aria-label",
  ],
  Array [
    "0data-qa",
    "1data-testid",
    "1aria-label",
  ],
  Array [
    "0data-qa",
    "1data-testid",
    "0id",
    "0text",
  ],
  Array [
    "0data-qa",
    "1data-testid",
    "0id",
    "1text",
  ],
  Array [
    "0data-qa",
    "1data-testid",
    "1id",
    "0text",
  ],
  Array [
    "0data-qa",
    "1data-testid",
    "1id",
    "1text",
  ],
  Array [
    "0data-qa",
    "0id",
    "0text",
  ],
  Array [
    "0data-qa",
    "0id",
    "1text",
  ],
  Array [
    "0data-qa",
    "1id",
    "0text",
  ],
  Array [
    "0data-qa",
    "1id",
    "1text",
  ],
  Array [
    "0data-testid",
    "0aria-label",
  ],
  Array [
    "0data-testid",
    "1aria-label",
  ],
  Array [
    "0data-testid",
    "1data-qa",
    "0aria-label",
  ],
  Array [
    "0data-testid",
    "1data-qa",
    "1aria-label",
  ],
  Array [
    "0data-testid",
    "1data-qa",
    "1data-testid",
    "0aria-label",
  ],
  Array [
    "0data-testid",
    "1data-qa",
    "1data-testid",
    "1aria-label",
  ],
  Array [
    "0data-testid",
    "1data-qa",
    "1data-testid",
    "0id",
    "0text",
  ],
  Array [
    "0data-testid",
    "1data-qa",
    "1data-testid",
    "0id",
    "1text",
  ],
  Array [
    "0data-testid",
    "1data-qa",
    "1data-testid",
    "1id",
    "0text",
  ],
  Array [
    "0data-testid",
    "1data-qa",
    "1data-testid",
    "1id",
    "1text",
  ],
  Array [
    "0data-testid",
    "1data-qa",
    "0id",
    "0text",
  ],
  Array [
    "0data-testid",
    "1data-qa",
    "0id",
    "1text",
  ],
  Array [
    "0data-testid",
    "1data-qa",
    "1id",
    "0text",
  ],
  Array [
    "0data-testid",
    "1data-qa",
    "1id",
    "1text",
  ],
  Array [
    "0data-testid",
    "1data-testid",
    "0aria-label",
  ],
  Array [
    "0data-testid",
    "1data-testid",
    "1aria-label",
  ],
  Array [
    "0data-testid",
    "1data-testid",
    "0id",
    "0text",
  ],
  Array [
    "0data-testid",
    "1data-testid",
    "0id",
    "1text",
  ],
  Array [
    "0data-testid",
    "1data-testid",
    "1id",
    "0text",
  ],
  Array [
    "0data-testid",
    "1data-testid",
    "1id",
    "1text",
  ],
  Array [
    "0data-testid",
    "0id",
    "0text",
  ],
  Array [
    "0data-testid",
    "0id",
    "1text",
  ],
  Array [
    "0data-testid",
    "1id",
    "0text",
  ],
  Array [
    "0data-testid",
    "1id",
    "1text",
  ],
  Array [
    "0id",
    "0text",
  ],
  Array [
    "0id",
    "1text",
  ],
  Array [
    "0data-qa",
    "0data-testid",
    "1data-qa",
    "1data-testid",
    "0id",
    "0aria-label",
  ],
  Array [
    "0data-qa",
    "0data-testid",
    "1data-qa",
    "1data-testid",
    "0id",
    "1aria-label",
  ],
  Array [
    "0data-qa",
    "0data-testid",
    "1data-qa",
    "1data-testid",
    "0id",
    "1id",
    "0text",
  ],
  Array [
    "0data-qa",
    "0data-testid",
    "1data-qa",
    "1data-testid",
    "0id",
    "1id",
    "1text",
  ],
  Array [
    "0data-qa",
    "0data-testid",
    "1data-qa",
    "1data-testid",
    "1id",
    "0aria-label",
  ],
  Array [
    "0data-qa",
    "0data-testid",
    "1data-qa",
    "1data-testid",
    "1id",
    "1aria-label",
  ],
  Array [
    "0data-qa",
    "0data-testid",
    "1data-qa",
    "1data-testid",
    "0text",
    "1text",
  ],
  Array [
    "0data-qa",
    "0data-testid",
    "1data-qa",
    "0id",
    "0aria-label",
  ],
  Array [
    "0data-qa",
    "0data-testid",
    "1data-qa",
    "0id",
    "1aria-label",
  ],
  Array [
    "0data-qa",
    "0data-testid",
    "1data-qa",
    "0id",
    "1id",
    "0text",
  ],
  Array [
    "0data-qa",
    "0data-testid",
    "1data-qa",
    "0id",
    "1id",
    "1text",
  ],
  Array [
    "0data-qa",
    "0data-testid",
    "1data-qa",
    "1id",
    "0aria-label",
  ],
  Array [
    "0data-qa",
    "0data-testid",
    "1data-qa",
    "1id",
    "1aria-label",
  ],
  Array [
    "0data-qa",
    "0data-testid",
    "1data-qa",
    "0text",
    "1text",
  ],
  Array [
    "0data-qa",
    "0data-testid",
    "1data-testid",
    "0id",
    "0aria-label",
  ],
  Array [
    "0data-qa",
    "0data-testid",
    "1data-testid",
    "0id",
    "1aria-label",
  ],
  Array [
    "0data-qa",
    "0data-testid",
    "1data-testid",
    "0id",
    "1id",
    "0text",
  ],
  Array [
    "0data-qa",
    "0data-testid",
    "1data-testid",
    "0id",
    "1id",
    "1text",
  ],
  Array [
    "0data-qa",
    "0data-testid",
    "1data-testid",
    "1id",
    "0aria-label",
  ],
  Array [
    "0data-qa",
    "0data-testid",
    "1data-testid",
    "1id",
    "1aria-label",
  ],
  Array [
    "0data-qa",
    "0data-testid",
    "1data-testid",
    "0text",
    "1text",
  ],
  Array [
    "0data-qa",
    "0data-testid",
    "0id",
    "0aria-label",
  ],
  Array [
    "0data-qa",
    "0data-testid",
    "0id",
    "1aria-label",
  ],
  Array [
    "0data-qa",
    "0data-testid",
    "0id",
    "1id",
    "0text",
  ],
  Array [
    "0data-qa",
    "0data-testid",
    "0id",
    "1id",
    "1text",
  ],
  Array [
    "0data-qa",
    "0data-testid",
    "1id",
    "0aria-label",
  ],
  Array [
    "0data-qa",
    "0data-testid",
    "1id",
    "1aria-label",
  ],
  Array [
    "0data-qa",
    "0data-testid",
    "0text",
    "1text",
  ],
  Array [
    "0data-qa",
    "1data-qa",
    "1data-testid",
    "0id",
    "0aria-label",
  ],
  Array [
    "0data-qa",
    "1data-qa",
    "1data-testid",
    "0id",
    "1aria-label",
  ],
  Array [
    "0data-qa",
    "1data-qa",
    "1data-testid",
    "0id",
    "1id",
    "0text",
  ],
  Array [
    "0data-qa",
    "1data-qa",
    "1data-testid",
    "0id",
    "1id",
    "1text",
  ],
  Array [
    "0data-qa",
    "1data-qa",
    "1data-testid",
    "1id",
    "0aria-label",
  ],
  Array [
    "0data-qa",
    "1data-qa",
    "1data-testid",
    "1id",
    "1aria-label",
  ],
  Array [
    "0data-qa",
    "1data-qa",
    "1data-testid",
    "0text",
    "1text",
  ],
  Array [
    "0data-qa",
    "1data-qa",
    "0id",
    "0aria-label",
  ],
  Array [
    "0data-qa",
    "1data-qa",
    "0id",
    "1aria-label",
  ],
  Array [
    "0data-qa",
    "1data-qa",
    "0id",
    "1id",
    "0text",
  ],
  Array [
    "0data-qa",
    "1data-qa",
    "0id",
    "1id",
    "1text",
  ],
  Array [
    "0data-qa",
    "1data-qa",
    "1id",
    "0aria-label",
  ],
  Array [
    "0data-qa",
    "1data-qa",
    "1id",
    "1aria-label",
  ],
  Array [
    "0data-qa",
    "1data-qa",
    "0text",
    "1text",
  ],
  Array [
    "0data-qa",
    "1data-testid",
    "0id",
    "0aria-label",
  ],
  Array [
    "0data-qa",
    "1data-testid",
    "0id",
    "1aria-label",
  ],
  Array [
    "0data-qa",
    "1data-testid",
    "0id",
    "1id",
    "0text",
  ],
  Array [
    "0data-qa",
    "1data-testid",
    "0id",
    "1id",
    "1text",
  ],
  Array [
    "0data-qa",
    "1data-testid",
    "1id",
    "0aria-label",
  ],
  Array [
    "0data-qa",
    "1data-testid",
    "1id",
    "1aria-label",
  ],
  Array [
    "0data-qa",
    "1data-testid",
    "0text",
    "1text",
  ],
  Array [
    "0data-qa",
    "0id",
    "0aria-label",
  ],
  Array [
    "0data-qa",
    "0id",
    "1aria-label",
  ],
  Array [
    "0data-qa",
    "0id",
    "1id",
    "0text",
  ],
  Array [
    "0data-qa",
    "0id",
    "1id",
    "1text",
  ],
  Array [
    "0data-qa",
    "1id",
    "0aria-label",
  ],
  Array [
    "0data-qa",
    "1id",
    "1aria-label",
  ],
  Array [
    "0data-qa",
    "0text",
    "1text",
  ],
  Array [
    "0data-testid",
    "1data-qa",
    "1data-testid",
    "0id",
    "0aria-label",
  ],
  Array [
    "0data-testid",
    "1data-qa",
    "1data-testid",
    "0id",
    "1aria-label",
  ],
  Array [
    "0data-testid",
    "1data-qa",
    "1data-testid",
    "0id",
    "1id",
    "0text",
  ],
  Array [
    "0data-testid",
    "1data-qa",
    "1data-testid",
    "0id",
    "1id",
    "1text",
  ],
  Array [
    "0data-testid",
    "1data-qa",
    "1data-testid",
    "1id",
    "0aria-label",
  ],
  Array [
    "0data-testid",
    "1data-qa",
    "1data-testid",
    "1id",
    "1aria-label",
  ],
  Array [
    "0data-testid",
    "1data-qa",
    "1data-testid",
    "0text",
    "1text",
  ],
  Array [
    "0data-testid",
    "1data-qa",
    "0id",
    "0aria-label",
  ],
  Array [
    "0data-testid",
    "1data-qa",
    "0id",
    "1aria-label",
  ],
  Array [
    "0data-testid",
    "1data-qa",
    "0id",
    "1id",
    "0text",
  ],
  Array [
    "0data-testid",
    "1data-qa",
    "0id",
    "1id",
    "1text",
  ],
  Array [
    "0data-testid",
    "1data-qa",
    "1id",
    "0aria-label",
  ],
  Array [
    "0data-testid",
    "1data-qa",
    "1id",
    "1aria-label",
  ],
  Array [
    "0data-testid",
    "1data-qa",
    "0text",
    "1text",
  ],
  Array [
    "0data-testid",
    "1data-testid",
    "0id",
    "0aria-label",
  ],
  Array [
    "0data-testid",
    "1data-testid",
    "0id",
    "1aria-label",
  ],
  Array [
    "0data-testid",
    "1data-testid",
    "0id",
    "1id",
    "0text",
  ],
  Array [
    "0data-testid",
    "1data-testid",
    "0id",
    "1id",
    "1text",
  ],
  Array [
    "0data-testid",
    "1data-testid",
    "1id",
    "0aria-label",
  ],
  Array [
    "0data-testid",
    "1data-testid",
    "1id",
    "1aria-label",
  ],
  Array [
    "0data-testid",
    "1data-testid",
    "0text",
    "1text",
  ],
  Array [
    "0data-testid",
    "0id",
    "0aria-label",
  ],
  Array [
    "0data-testid",
    "0id",
    "1aria-label",
  ],
  Array [
    "0data-testid",
    "0id",
    "1id",
    "0text",
  ],
  Array [
    "0data-testid",
    "0id",
    "1id",
    "1text",
  ],
  Array [
    "0data-testid",
    "1id",
    "0aria-label",
  ],
  Array [
    "0data-testid",
    "1id",
    "1aria-label",
  ],
  Array [
    "0data-testid",
    "0text",
    "1text",
  ],
  Array [
    "0id",
    "0aria-label",
  ],
  Array [
    "0id",
    "1aria-label",
  ],
  Array [
    "0id",
    "1id",
    "0text",
  ],
  Array [
    "0id",
    "1id",
    "1text",
  ],
  Array [
    "0text",
    "1text",
  ],
  Array [
    "0data-qa",
    "0data-testid",
    "1data-qa",
    "1data-testid",
    "0id",
    "1id",
    "0aria-label",
  ],
  Array [
    "0data-qa",
    "0data-testid",
    "1data-qa",
    "1data-testid",
    "0id",
    "1id",
    "1aria-label",
  ],
  Array [
    "0data-qa",
    "0data-testid",
    "1data-qa",
    "1data-testid",
    "0id",
    "0text",
    "1text",
  ],
  Array [
    "0data-qa",
    "0data-testid",
    "1data-qa",
    "1data-testid",
    "1id",
    "0text",
    "1text",
  ],
  Array [
    "0data-qa",
    "0data-testid",
    "1data-qa",
    "0id",
    "1id",
    "0aria-label",
  ],
  Array [
    "0data-qa",
    "0data-testid",
    "1data-qa",
    "0id",
    "1id",
    "1aria-label",
  ],
  Array [
    "0data-qa",
    "0data-testid",
    "1data-qa",
    "0id",
    "0text",
    "1text",
  ],
  Array [
    "0data-qa",
    "0data-testid",
    "1data-qa",
    "1id",
    "0text",
    "1text",
  ],
  Array [
    "0data-qa",
    "0data-testid",
    "1data-testid",
    "0id",
    "1id",
    "0aria-label",
  ],
  Array [
    "0data-qa",
    "0data-testid",
    "1data-testid",
    "0id",
    "1id",
    "1aria-label",
  ],
  Array [
    "0data-qa",
    "0data-testid",
    "1data-testid",
    "0id",
    "0text",
    "1text",
  ],
  Array [
    "0data-qa",
    "0data-testid",
    "1data-testid",
    "1id",
    "0text",
    "1text",
  ],
  Array [
    "0data-qa",
    "0data-testid",
    "0id",
    "1id",
    "0aria-label",
  ],
  Array [
    "0data-qa",
    "0data-testid",
    "0id",
    "1id",
    "1aria-label",
  ],
  Array [
    "0data-qa",
    "0data-testid",
    "0id",
    "0text",
    "1text",
  ],
  Array [
    "0data-qa",
    "0data-testid",
    "1id",
    "0text",
    "1text",
  ],
  Array [
    "0data-qa",
    "1data-qa",
    "1data-testid",
    "0id",
    "1id",
    "0aria-label",
  ],
  Array [
    "0data-qa",
    "1data-qa",
    "1data-testid",
    "0id",
    "1id",
    "1aria-label",
  ],
  Array [
    "0data-qa",
    "1data-qa",
    "1data-testid",
    "0id",
    "0text",
    "1text",
  ],
  Array [
    "0data-qa",
    "1data-qa",
    "1data-testid",
    "1id",
    "0text",
    "1text",
  ],
  Array [
    "0data-qa",
    "1data-qa",
    "0id",
    "1id",
    "0aria-label",
  ],
  Array [
    "0data-qa",
    "1data-qa",
    "0id",
    "1id",
    "1aria-label",
  ],
  Array [
    "0data-qa",
    "1data-qa",
    "0id",
    "0text",
    "1text",
  ],
  Array [
    "0data-qa",
    "1data-qa",
    "1id",
    "0text",
    "1text",
  ],
  Array [
    "0data-qa",
    "1data-testid",
    "0id",
    "1id",
    "0aria-label",
  ],
  Array [
    "0data-qa",
    "1data-testid",
    "0id",
    "1id",
    "1aria-label",
  ],
  Array [
    "0data-qa",
    "1data-testid",
    "0id",
    "0text",
    "1text",
  ],
  Array [
    "0data-qa",
    "1data-testid",
    "1id",
    "0text",
    "1text",
  ],
  Array [
    "0data-qa",
    "0id",
    "1id",
    "0aria-label",
  ],
  Array [
    "0data-qa",
    "0id",
    "1id",
    "1aria-label",
  ],
  Array [
    "0data-qa",
    "0id",
    "0text",
    "1text",
  ],
  Array [
    "0data-qa",
    "1id",
    "0text",
    "1text",
  ],
  Array [
    "0data-testid",
    "1data-qa",
    "1data-testid",
    "0id",
    "1id",
    "0aria-label",
  ],
  Array [
    "0data-testid",
    "1data-qa",
    "1data-testid",
    "0id",
    "1id",
    "1aria-label",
  ],
  Array [
    "0data-testid",
    "1data-qa",
    "1data-testid",
    "0id",
    "0text",
    "1text",
  ],
  Array [
    "0data-testid",
    "1data-qa",
    "1data-testid",
    "1id",
    "0text",
    "1text",
  ],
  Array [
    "0data-testid",
    "1data-qa",
    "0id",
    "1id",
    "0aria-label",
  ],
  Array [
    "0data-testid",
    "1data-qa",
    "0id",
    "1id",
    "1aria-label",
  ],
  Array [
    "0data-testid",
    "1data-qa",
    "0id",
    "0text",
    "1text",
  ],
  Array [
    "0data-testid",
    "1data-qa",
    "1id",
    "0text",
    "1text",
  ],
  Array [
    "0data-testid",
    "1data-testid",
    "0id",
    "1id",
    "0aria-label",
  ],
  Array [
    "0data-testid",
    "1data-testid",
    "0id",
    "1id",
    "1aria-label",
  ],
  Array [
    "0data-testid",
    "1data-testid",
    "0id",
    "0text",
    "1text",
  ],
  Array [
    "0data-testid",
    "1data-testid",
    "1id",
    "0text",
    "1text",
  ],
  Array [
    "0data-testid",
    "0id",
    "1id",
    "0aria-label",
  ],
  Array [
    "0data-testid",
    "0id",
    "1id",
    "1aria-label",
  ],
  Array [
    "0data-testid",
    "0id",
    "0text",
    "1text",
  ],
  Array [
    "0data-testid",
    "1id",
    "0text",
    "1text",
  ],
  Array [
    "0id",
    "1id",
    "0aria-label",
  ],
  Array [
    "0id",
    "1id",
    "1aria-label",
  ],
  Array [
    "0id",
    "0text",
    "1text",
  ],
  Array [
    "0data-qa",
    "0data-testid",
    "1data-qa",
    "1data-testid",
    "0id",
    "1id",
    "0text",
    "1text",
  ],
  Array [
    "0data-qa",
    "0data-testid",
    "1data-qa",
    "1data-testid",
    "0text",
    "0aria-label",
  ],
  Array [
    "0data-qa",
    "0data-testid",
    "1data-qa",
    "1data-testid",
    "0text",
    "1aria-label",
  ],
  Array [
    "0data-qa",
    "0data-testid",
    "1data-qa",
    "1data-testid",
    "1text",
    "0aria-label",
  ],
  Array [
    "0data-qa",
    "0data-testid",
    "1data-qa",
    "1data-testid",
    "1text",
    "1aria-label",
  ],
  Array [
    "0data-qa",
    "0data-testid",
    "1data-qa",
    "0id",
    "1id",
    "0text",
    "1text",
  ],
  Array [
    "0data-qa",
    "0data-testid",
    "1data-qa",
    "0text",
    "0aria-label",
  ],
  Array [
    "0data-qa",
    "0data-testid",
    "1data-qa",
    "0text",
    "1aria-label",
  ],
  Array [
    "0data-qa",
    "0data-testid",
    "1data-qa",
    "1text",
    "0aria-label",
  ],
  Array [
    "0data-qa",
    "0data-testid",
    "1data-qa",
    "1text",
    "1aria-label",
  ],
  Array [
    "0data-qa",
    "0data-testid",
    "1data-testid",
    "0id",
    "1id",
    "0text",
    "1text",
  ],
  Array [
    "0data-qa",
    "0data-testid",
    "1data-testid",
    "0text",
    "0aria-label",
  ],
  Array [
    "0data-qa",
    "0data-testid",
    "1data-testid",
    "0text",
    "1aria-label",
  ],
  Array [
    "0data-qa",
    "0data-testid",
    "1data-testid",
    "1text",
    "0aria-label",
  ],
  Array [
    "0data-qa",
    "0data-testid",
    "1data-testid",
    "1text",
    "1aria-label",
  ],
  Array [
    "0data-qa",
    "0data-testid",
    "0id",
    "1id",
    "0text",
    "1text",
  ],
  Array [
    "0data-qa",
    "0data-testid",
    "0text",
    "0aria-label",
  ],
  Array [
    "0data-qa",
    "0data-testid",
    "0text",
    "1aria-label",
  ],
  Array [
    "0data-qa",
    "0data-testid",
    "1text",
    "0aria-label",
  ],
  Array [
    "0data-qa",
    "0data-testid",
    "1text",
    "1aria-label",
  ],
  Array [
    "0data-qa",
    "1data-qa",
    "1data-testid",
    "0id",
    "1id",
    "0text",
    "1text",
  ],
  Array [
    "0data-qa",
    "1data-qa",
    "1data-testid",
    "0text",
    "0aria-label",
  ],
  Array [
    "0data-qa",
    "1data-qa",
    "1data-testid",
    "0text",
    "1aria-label",
  ],
  Array [
    "0data-qa",
    "1data-qa",
    "1data-testid",
    "1text",
    "0aria-label",
  ],
  Array [
    "0data-qa",
    "1data-qa",
    "1data-testid",
    "1text",
    "1aria-label",
  ],
  Array [
    "0data-qa",
    "1data-qa",
    "0id",
    "1id",
    "0text",
    "1text",
  ],
  Array [
    "0data-qa",
    "1data-qa",
    "0text",
    "0aria-label",
  ],
  Array [
    "0data-qa",
    "1data-qa",
    "0text",
    "1aria-label",
  ],
  Array [
    "0data-qa",
    "1data-qa",
    "1text",
    "0aria-label",
  ],
  Array [
    "0data-qa",
    "1data-qa",
    "1text",
    "1aria-label",
  ],
  Array [
    "0data-qa",
    "1data-testid",
    "0id",
    "1id",
    "0text",
    "1text",
  ],
  Array [
    "0data-qa",
    "1data-testid",
    "0text",
    "0aria-label",
  ],
  Array [
    "0data-qa",
    "1data-testid",
    "0text",
    "1aria-label",
  ],
  Array [
    "0data-qa",
    "1data-testid",
    "1text",
    "0aria-label",
  ],
  Array [
    "0data-qa",
    "1data-testid",
    "1text",
    "1aria-label",
  ],
  Array [
    "0data-qa",
    "0id",
    "1id",
    "0text",
    "1text",
  ],
  Array [
    "0data-qa",
    "0text",
    "0aria-label",
  ],
  Array [
    "0data-qa",
    "0text",
    "1aria-label",
  ],
  Array [
    "0data-qa",
    "1text",
    "0aria-label",
  ],
  Array [
    "0data-qa",
    "1text",
    "1aria-label",
  ],
  Array [
    "0data-testid",
    "1data-qa",
    "1data-testid",
    "0id",
    "1id",
    "0text",
    "1text",
  ],
  Array [
    "0data-testid",
    "1data-qa",
    "1data-testid",
    "0text",
    "0aria-label",
  ],
  Array [
    "0data-testid",
    "1data-qa",
    "1data-testid",
    "0text",
    "1aria-label",
  ],
  Array [
    "0data-testid",
    "1data-qa",
    "1data-testid",
    "1text",
    "0aria-label",
  ],
  Array [
    "0data-testid",
    "1data-qa",
    "1data-testid",
    "1text",
    "1aria-label",
  ],
  Array [
    "0data-testid",
    "1data-qa",
    "0id",
    "1id",
    "0text",
    "1text",
  ],
  Array [
    "0data-testid",
    "1data-qa",
    "0text",
    "0aria-label",
  ],
  Array [
    "0data-testid",
    "1data-qa",
    "0text",
    "1aria-label",
  ],
  Array [
    "0data-testid",
    "1data-qa",
    "1text",
    "0aria-label",
  ],
  Array [
    "0data-testid",
    "1data-qa",
    "1text",
    "1aria-label",
  ],
  Array [
    "0data-testid",
    "1data-testid",
    "0id",
    "1id",
    "0text",
    "1text",
  ],
  Array [
    "0data-testid",
    "1data-testid",
    "0text",
    "0aria-label",
  ],
  Array [
    "0data-testid",
    "1data-testid",
    "0text",
    "1aria-label",
  ],
  Array [
    "0data-testid",
    "1data-testid",
    "1text",
    "0aria-label",
  ],
  Array [
    "0data-testid",
    "1data-testid",
    "1text",
    "1aria-label",
  ],
  Array [
    "0data-testid",
    "0id",
    "1id",
    "0text",
    "1text",
  ],
  Array [
    "0data-testid",
    "0text",
    "0aria-label",
  ],
  Array [
    "0data-testid",
    "0text",
    "1aria-label",
  ],
  Array [
    "0data-testid",
    "1text",
    "0aria-label",
  ],
  Array [
    "0data-testid",
    "1text",
    "1aria-label",
  ],
  Array [
    "0id",
    "1id",
    "0text",
    "1text",
  ],
  Array [
    "0text",
    "0aria-label",
  ],
  Array [
    "0text",
    "1aria-label",
  ],
  Array [
    "0data-qa",
    "0data-testid",
    "1data-qa",
    "1data-testid",
    "0id",
    "0text",
    "0aria-label",
  ],
  Array [
    "0data-qa",
    "0data-testid",
    "1data-qa",
    "1data-testid",
    "0id",
    "0text",
    "1aria-label",
  ],
  Array [
    "0data-qa",
    "0data-testid",
    "1data-qa",
    "1data-testid",
    "0id",
    "1text",
    "0aria-label",
  ],
  Array [
    "0data-qa",
    "0data-testid",
    "1data-qa",
    "1data-testid",
    "0id",
    "1text",
    "1aria-label",
  ],
  Array [
    "0data-qa",
    "0data-testid",
    "1data-qa",
    "1data-testid",
    "1id",
    "0text",
    "0aria-label",
  ],
  Array [
    "0data-qa",
    "0data-testid",
    "1data-qa",
    "1data-testid",
    "1id",
    "0text",
    "1aria-label",
  ],
  Array [
    "0data-qa",
    "0data-testid",
    "1data-qa",
    "1data-testid",
    "1id",
    "1text",
    "0aria-label",
  ],
  Array [
    "0data-qa",
    "0data-testid",
    "1data-qa",
    "1data-testid",
    "1id",
    "1text",
    "1aria-label",
  ],
  Array [
    "0data-qa",
    "0data-testid",
    "1data-qa",
    "1data-testid",
    "0aria-label",
    "1aria-label",
  ],
  Array [
    "0data-qa",
    "0data-testid",
    "1data-qa",
    "0id",
    "0text",
    "0aria-label",
  ],
  Array [
    "0data-qa",
    "0data-testid",
    "1data-qa",
    "0id",
    "0text",
    "1aria-label",
  ],
  Array [
    "0data-qa",
    "0data-testid",
    "1data-qa",
    "0id",
    "1text",
    "0aria-label",
  ],
  Array [
    "0data-qa",
    "0data-testid",
    "1data-qa",
    "0id",
    "1text",
    "1aria-label",
  ],
  Array [
    "0data-qa",
    "0data-testid",
    "1data-qa",
    "1id",
    "0text",
    "0aria-label",
  ],
  Array [
    "0data-qa",
    "0data-testid",
    "1data-qa",
    "1id",
    "0text",
    "1aria-label",
  ],
  Array [
    "0data-qa",
    "0data-testid",
    "1data-qa",
    "1id",
    "1text",
    "0aria-label",
  ],
  Array [
    "0data-qa",
    "0data-testid",
    "1data-qa",
    "1id",
    "1text",
    "1aria-label",
  ],
  Array [
    "0data-qa",
    "0data-testid",
    "1data-qa",
    "0aria-label",
    "1aria-label",
  ],
  Array [
    "0data-qa",
    "0data-testid",
    "1data-testid",
    "0id",
    "0text",
    "0aria-label",
  ],
  Array [
    "0data-qa",
    "0data-testid",
    "1data-testid",
    "0id",
    "0text",
    "1aria-label",
  ],
  Array [
    "0data-qa",
    "0data-testid",
    "1data-testid",
    "0id",
    "1text",
    "0aria-label",
  ],
  Array [
    "0data-qa",
    "0data-testid",
    "1data-testid",
    "0id",
    "1text",
    "1aria-label",
  ],
  Array [
    "0data-qa",
    "0data-testid",
    "1data-testid",
    "1id",
    "0text",
    "0aria-label",
  ],
  Array [
    "0data-qa",
    "0data-testid",
    "1data-testid",
    "1id",
    "0text",
    "1aria-label",
  ],
  Array [
    "0data-qa",
    "0data-testid",
    "1data-testid",
    "1id",
    "1text",
    "0aria-label",
  ],
  Array [
    "0data-qa",
    "0data-testid",
    "1data-testid",
    "1id",
    "1text",
    "1aria-label",
  ],
  Array [
    "0data-qa",
    "0data-testid",
    "1data-testid",
    "0aria-label",
    "1aria-label",
  ],
  Array [
    "0data-qa",
    "0data-testid",
    "0id",
    "0text",
    "0aria-label",
  ],
  Array [
    "0data-qa",
    "0data-testid",
    "0id",
    "0text",
    "1aria-label",
  ],
  Array [
    "0data-qa",
    "0data-testid",
    "0id",
    "1text",
    "0aria-label",
  ],
  Array [
    "0data-qa",
    "0data-testid",
    "0id",
    "1text",
    "1aria-label",
  ],
  Array [
    "0data-qa",
    "0data-testid",
    "1id",
    "0text",
    "0aria-label",
  ],
  Array [
    "0data-qa",
    "0data-testid",
    "1id",
    "0text",
    "1aria-label",
  ],
  Array [
    "0data-qa",
    "0data-testid",
    "1id",
    "1text",
    "0aria-label",
  ],
  Array [
    "0data-qa",
    "0data-testid",
    "1id",
    "1text",
    "1aria-label",
  ],
  Array [
    "0data-qa",
    "0data-testid",
    "0aria-label",
    "1aria-label",
  ],
  Array [
    "0data-qa",
    "1data-qa",
    "1data-testid",
    "0id",
    "0text",
    "0aria-label",
  ],
  Array [
    "0data-qa",
    "1data-qa",
    "1data-testid",
    "0id",
    "0text",
    "1aria-label",
  ],
  Array [
    "0data-qa",
    "1data-qa",
    "1data-testid",
    "0id",
    "1text",
    "0aria-label",
  ],
  Array [
    "0data-qa",
    "1data-qa",
    "1data-testid",
    "0id",
    "1text",
    "1aria-label",
  ],
  Array [
    "0data-qa",
    "1data-qa",
    "1data-testid",
    "1id",
    "0text",
    "0aria-label",
  ],
  Array [
    "0data-qa",
    "1data-qa",
    "1data-testid",
    "1id",
    "0text",
    "1aria-label",
  ],
  Array [
    "0data-qa",
    "1data-qa",
    "1data-testid",
    "1id",
    "1text",
    "0aria-label",
  ],
  Array [
    "0data-qa",
    "1data-qa",
    "1data-testid",
    "1id",
    "1text",
    "1aria-label",
  ],
  Array [
    "0data-qa",
    "1data-qa",
    "1data-testid",
    "0aria-label",
    "1aria-label",
  ],
  Array [
    "0data-qa",
    "1data-qa",
    "0id",
    "0text",
    "0aria-label",
  ],
  Array [
    "0data-qa",
    "1data-qa",
    "0id",
    "0text",
    "1aria-label",
  ],
  Array [
    "0data-qa",
    "1data-qa",
    "0id",
    "1text",
    "0aria-label",
  ],
  Array [
    "0data-qa",
    "1data-qa",
    "0id",
    "1text",
    "1aria-label",
  ],
  Array [
    "0data-qa",
    "1data-qa",
    "1id",
    "0text",
    "0aria-label",
  ],
  Array [
    "0data-qa",
    "1data-qa",
    "1id",
    "0text",
    "1aria-label",
  ],
  Array [
    "0data-qa",
    "1data-qa",
    "1id",
    "1text",
    "0aria-label",
  ],
  Array [
    "0data-qa",
    "1data-qa",
    "1id",
    "1text",
    "1aria-label",
  ],
  Array [
    "0data-qa",
    "1data-qa",
    "0aria-label",
    "1aria-label",
  ],
  Array [
    "0data-qa",
    "1data-testid",
    "0id",
    "0text",
    "0aria-label",
  ],
  Array [
    "0data-qa",
    "1data-testid",
    "0id",
    "0text",
    "1aria-label",
  ],
  Array [
    "0data-qa",
    "1data-testid",
    "0id",
    "1text",
    "0aria-label",
  ],
  Array [
    "0data-qa",
    "1data-testid",
    "0id",
    "1text",
    "1aria-label",
  ],
  Array [
    "0data-qa",
    "1data-testid",
    "1id",
    "0text",
    "0aria-label",
  ],
  Array [
    "0data-qa",
    "1data-testid",
    "1id",
    "0text",
    "1aria-label",
  ],
  Array [
    "0data-qa",
    "1data-testid",
    "1id",
    "1text",
    "0aria-label",
  ],
  Array [
    "0data-qa",
    "1data-testid",
    "1id",
    "1text",
    "1aria-label",
  ],
  Array [
    "0data-qa",
    "1data-testid",
    "0aria-label",
    "1aria-label",
  ],
  Array [
    "0data-qa",
    "0id",
    "0text",
    "0aria-label",
  ],
  Array [
    "0data-qa",
    "0id",
    "0text",
    "1aria-label",
  ],
  Array [
    "0data-qa",
    "0id",
    "1text",
    "0aria-label",
  ],
  Array [
    "0data-qa",
    "0id",
    "1text",
    "1aria-label",
  ],
  Array [
    "0data-qa",
    "1id",
    "0text",
    "0aria-label",
  ],
  Array [
    "0data-qa",
    "1id",
    "0text",
    "1aria-label",
  ],
  Array [
    "0data-qa",
    "1id",
    "1text",
    "0aria-label",
  ],
  Array [
    "0data-qa",
    "1id",
    "1text",
    "1aria-label",
  ],
  Array [
    "0data-qa",
    "0aria-label",
    "1aria-label",
  ],
  Array [
    "0data-testid",
    "1data-qa",
    "1data-testid",
    "0id",
    "0text",
    "0aria-label",
  ],
  Array [
    "0data-testid",
    "1data-qa",
    "1data-testid",
    "0id",
    "0text",
    "1aria-label",
  ],
  Array [
    "0data-testid",
    "1data-qa",
    "1data-testid",
    "0id",
    "1text",
    "0aria-label",
  ],
  Array [
    "0data-testid",
    "1data-qa",
    "1data-testid",
    "0id",
    "1text",
    "1aria-label",
  ],
  Array [
    "0data-testid",
    "1data-qa",
    "1data-testid",
    "1id",
    "0text",
    "0aria-label",
  ],
  Array [
    "0data-testid",
    "1data-qa",
    "1data-testid",
    "1id",
    "0text",
    "1aria-label",
  ],
  Array [
    "0data-testid",
    "1data-qa",
    "1data-testid",
    "1id",
    "1text",
    "0aria-label",
  ],
  Array [
    "0data-testid",
    "1data-qa",
    "1data-testid",
    "1id",
    "1text",
    "1aria-label",
  ],
  Array [
    "0data-testid",
    "1data-qa",
    "1data-testid",
    "0aria-label",
    "1aria-label",
  ],
  Array [
    "0data-testid",
    "1data-qa",
    "0id",
    "0text",
    "0aria-label",
  ],
  Array [
    "0data-testid",
    "1data-qa",
    "0id",
    "0text",
    "1aria-label",
  ],
  Array [
    "0data-testid",
    "1data-qa",
    "0id",
    "1text",
    "0aria-label",
  ],
  Array [
    "0data-testid",
    "1data-qa",
    "0id",
    "1text",
    "1aria-label",
  ],
  Array [
    "0data-testid",
    "1data-qa",
    "1id",
    "0text",
    "0aria-label",
  ],
  Array [
    "0data-testid",
    "1data-qa",
    "1id",
    "0text",
    "1aria-label",
  ],
  Array [
    "0data-testid",
    "1data-qa",
    "1id",
    "1text",
    "0aria-label",
  ],
  Array [
    "0data-testid",
    "1data-qa",
    "1id",
    "1text",
    "1aria-label",
  ],
  Array [
    "0data-testid",
    "1data-qa",
    "0aria-label",
    "1aria-label",
  ],
  Array [
    "0data-testid",
    "1data-testid",
    "0id",
    "0text",
    "0aria-label",
  ],
  Array [
    "0data-testid",
    "1data-testid",
    "0id",
    "0text",
    "1aria-label",
  ],
  Array [
    "0data-testid",
    "1data-testid",
    "0id",
    "1text",
    "0aria-label",
  ],
  Array [
    "0data-testid",
    "1data-testid",
    "0id",
    "1text",
    "1aria-label",
  ],
  Array [
    "0data-testid",
    "1data-testid",
    "1id",
    "0text",
    "0aria-label",
  ],
  Array [
    "0data-testid",
    "1data-testid",
    "1id",
    "0text",
    "1aria-label",
  ],
  Array [
    "0data-testid",
    "1data-testid",
    "1id",
    "1text",
    "0aria-label",
  ],
  Array [
    "0data-testid",
    "1data-testid",
    "1id",
    "1text",
    "1aria-label",
  ],
  Array [
    "0data-testid",
    "1data-testid",
    "0aria-label",
    "1aria-label",
  ],
  Array [
    "0data-testid",
    "0id",
    "0text",
    "0aria-label",
  ],
  Array [
    "0data-testid",
    "0id",
    "0text",
    "1aria-label",
  ],
  Array [
    "0data-testid",
    "0id",
    "1text",
    "0aria-label",
  ],
  Array [
    "0data-testid",
    "0id",
    "1text",
    "1aria-label",
  ],
  Array [
    "0data-testid",
    "1id",
    "0text",
    "0aria-label",
  ],
  Array [
    "0data-testid",
    "1id",
    "0text",
    "1aria-label",
  ],
  Array [
    "0data-testid",
    "1id",
    "1text",
    "0aria-label",
  ],
  Array [
    "0data-testid",
    "1id",
    "1text",
    "1aria-label",
  ],
  Array [
    "0data-testid",
    "0aria-label",
    "1aria-label",
  ],
  Array [
    "0id",
    "0text",
    "0aria-label",
  ],
  Array [
    "0id",
    "0text",
    "1aria-label",
  ],
  Array [
    "0id",
    "1text",
    "0aria-label",
  ],
  Array [
    "0id",
    "1text",
    "1aria-label",
  ],
  Array [
    "0aria-label",
    "1aria-label",
  ],
  Array [
    "0data-qa",
    "0data-testid",
    "1data-qa",
    "1data-testid",
    "0id",
    "1id",
    "0text",
    "0aria-label",
  ],
  Array [
    "0data-qa",
    "0data-testid",
    "1data-qa",
    "1data-testid",
    "0id",
    "1id",
    "0text",
    "1aria-label",
  ],
  Array [
    "0data-qa",
    "0data-testid",
    "1data-qa",
    "1data-testid",
    "0id",
    "1id",
    "1text",
    "0aria-label",
  ],
  Array [
    "0data-qa",
    "0data-testid",
    "1data-qa",
    "1data-testid",
    "0id",
    "1id",
    "1text",
    "1aria-label",
  ],
  Array [
    "0data-qa",
    "0data-testid",
    "1data-qa",
    "1data-testid",
    "0id",
    "0aria-label",
    "1aria-label",
  ],
  Array [
    "0data-qa",
    "0data-testid",
    "1data-qa",
    "1data-testid",
    "1id",
    "0aria-label",
    "1aria-label",
  ],
  Array [
    "0data-qa",
    "0data-testid",
    "1data-qa",
    "1data-testid",
    "0text",
    "1text",
    "0aria-label",
  ],
  Array [
    "0data-qa",
    "0data-testid",
    "1data-qa",
    "1data-testid",
    "0text",
    "1text",
    "1aria-label",
  ],
  Array [
    "0data-qa",
    "0data-testid",
    "1data-qa",
    "0id",
    "1id",
    "0text",
    "0aria-label",
  ],
  Array [
    "0data-qa",
    "0data-testid",
    "1data-qa",
    "0id",
    "1id",
    "0text",
    "1aria-label",
  ],
  Array [
    "0data-qa",
    "0data-testid",
    "1data-qa",
    "0id",
    "1id",
    "1text",
    "0aria-label",
  ],
  Array [
    "0data-qa",
    "0data-testid",
    "1data-qa",
    "0id",
    "1id",
    "1text",
    "1aria-label",
  ],
  Array [
    "0data-qa",
    "0data-testid",
    "1data-qa",
    "0id",
    "0aria-label",
    "1aria-label",
  ],
  Array [
    "0data-qa",
    "0data-testid",
    "1data-qa",
    "1id",
    "0aria-label",
    "1aria-label",
  ],
  Array [
    "0data-qa",
    "0data-testid",
    "1data-qa",
    "0text",
    "1text",
    "0aria-label",
  ],
  Array [
    "0data-qa",
    "0data-testid",
    "1data-qa",
    "0text",
    "1text",
    "1aria-label",
  ],
  Array [
    "0data-qa",
    "0data-testid",
    "1data-testid",
    "0id",
    "1id",
    "0text",
    "0aria-label",
  ],
  Array [
    "0data-qa",
    "0data-testid",
    "1data-testid",
    "0id",
    "1id",
    "0text",
    "1aria-label",
  ],
  Array [
    "0data-qa",
    "0data-testid",
    "1data-testid",
    "0id",
    "1id",
    "1text",
    "0aria-label",
  ],
  Array [
    "0data-qa",
    "0data-testid",
    "1data-testid",
    "0id",
    "1id",
    "1text",
    "1aria-label",
  ],
  Array [
    "0data-qa",
    "0data-testid",
    "1data-testid",
    "0id",
    "0aria-label",
    "1aria-label",
  ],
  Array [
    "0data-qa",
    "0data-testid",
    "1data-testid",
    "1id",
    "0aria-label",
    "1aria-label",
  ],
  Array [
    "0data-qa",
    "0data-testid",
    "1data-testid",
    "0text",
    "1text",
    "0aria-label",
  ],
  Array [
    "0data-qa",
    "0data-testid",
    "1data-testid",
    "0text",
    "1text",
    "1aria-label",
  ],
  Array [
    "0data-qa",
    "0data-testid",
    "0id",
    "1id",
    "0text",
    "0aria-label",
  ],
  Array [
    "0data-qa",
    "0data-testid",
    "0id",
    "1id",
    "0text",
    "1aria-label",
  ],
  Array [
    "0data-qa",
    "0data-testid",
    "0id",
    "1id",
    "1text",
    "0aria-label",
  ],
  Array [
    "0data-qa",
    "0data-testid",
    "0id",
    "1id",
    "1text",
    "1aria-label",
  ],
  Array [
    "0data-qa",
    "0data-testid",
    "0id",
    "0aria-label",
    "1aria-label",
  ],
  Array [
    "0data-qa",
    "0data-testid",
    "1id",
    "0aria-label",
    "1aria-label",
  ],
  Array [
    "0data-qa",
    "0data-testid",
    "0text",
    "1text",
    "0aria-label",
  ],
  Array [
    "0data-qa",
    "0data-testid",
    "0text",
    "1text",
    "1aria-label",
  ],
  Array [
    "0data-qa",
    "1data-qa",
    "1data-testid",
    "0id",
    "1id",
    "0text",
    "0aria-label",
  ],
  Array [
    "0data-qa",
    "1data-qa",
    "1data-testid",
    "0id",
    "1id",
    "0text",
    "1aria-label",
  ],
  Array [
    "0data-qa",
    "1data-qa",
    "1data-testid",
    "0id",
    "1id",
    "1text",
    "0aria-label",
  ],
  Array [
    "0data-qa",
    "1data-qa",
    "1data-testid",
    "0id",
    "1id",
    "1text",
    "1aria-label",
  ],
  Array [
    "0data-qa",
    "1data-qa",
    "1data-testid",
    "0id",
    "0aria-label",
    "1aria-label",
  ],
  Array [
    "0data-qa",
    "1data-qa",
    "1data-testid",
    "1id",
    "0aria-label",
    "1aria-label",
  ],
  Array [
    "0data-qa",
    "1data-qa",
    "1data-testid",
    "0text",
    "1text",
    "0aria-label",
  ],
  Array [
    "0data-qa",
    "1data-qa",
    "1data-testid",
    "0text",
    "1text",
    "1aria-label",
  ],
  Array [
    "0data-qa",
    "1data-qa",
    "0id",
    "1id",
    "0text",
    "0aria-label",
  ],
  Array [
    "0data-qa",
    "1data-qa",
    "0id",
    "1id",
    "0text",
    "1aria-label",
  ],
  Array [
    "0data-qa",
    "1data-qa",
    "0id",
    "1id",
    "1text",
    "0aria-label",
  ],
  Array [
    "0data-qa",
    "1data-qa",
    "0id",
    "1id",
    "1text",
    "1aria-label",
  ],
  Array [
    "0data-qa",
    "1data-qa",
    "0id",
    "0aria-label",
    "1aria-label",
  ],
  Array [
    "0data-qa",
    "1data-qa",
    "1id",
    "0aria-label",
    "1aria-label",
  ],
  Array [
    "0data-qa",
    "1data-qa",
    "0text",
    "1text",
    "0aria-label",
  ],
  Array [
    "0data-qa",
    "1data-qa",
    "0text",
    "1text",
    "1aria-label",
  ],
  Array [
    "0data-qa",
    "1data-testid",
    "0id",
    "1id",
    "0text",
    "0aria-label",
  ],
  Array [
    "0data-qa",
    "1data-testid",
    "0id",
    "1id",
    "0text",
    "1aria-label",
  ],
  Array [
    "0data-qa",
    "1data-testid",
    "0id",
    "1id",
    "1text",
    "0aria-label",
  ],
  Array [
    "0data-qa",
    "1data-testid",
    "0id",
    "1id",
    "1text",
    "1aria-label",
  ],
  Array [
    "0data-qa",
    "1data-testid",
    "0id",
    "0aria-label",
    "1aria-label",
  ],
  Array [
    "0data-qa",
    "1data-testid",
    "1id",
    "0aria-label",
    "1aria-label",
  ],
  Array [
    "0data-qa",
    "1data-testid",
    "0text",
    "1text",
    "0aria-label",
  ],
  Array [
    "0data-qa",
    "1data-testid",
    "0text",
    "1text",
    "1aria-label",
  ],
  Array [
    "0data-qa",
    "0id",
    "1id",
    "0text",
    "0aria-label",
  ],
  Array [
    "0data-qa",
    "0id",
    "1id",
    "0text",
    "1aria-label",
  ],
  Array [
    "0data-qa",
    "0id",
    "1id",
    "1text",
    "0aria-label",
  ],
  Array [
    "0data-qa",
    "0id",
    "1id",
    "1text",
    "1aria-label",
  ],
  Array [
    "0data-qa",
    "0id",
    "0aria-label",
    "1aria-label",
  ],
  Array [
    "0data-qa",
    "1id",
    "0aria-label",
    "1aria-label",
  ],
  Array [
    "0data-qa",
    "0text",
    "1text",
    "0aria-label",
  ],
  Array [
    "0data-qa",
    "0text",
    "1text",
    "1aria-label",
  ],
  Array [
    "0data-testid",
    "1data-qa",
    "1data-testid",
    "0id",
    "1id",
    "0text",
    "0aria-label",
  ],
  Array [
    "0data-testid",
    "1data-qa",
    "1data-testid",
    "0id",
    "1id",
    "0text",
    "1aria-label",
  ],
  Array [
    "0data-testid",
    "1data-qa",
    "1data-testid",
    "0id",
    "1id",
    "1text",
    "0aria-label",
  ],
  Array [
    "0data-testid",
    "1data-qa",
    "1data-testid",
    "0id",
    "1id",
    "1text",
    "1aria-label",
  ],
  Array [
    "0data-testid",
    "1data-qa",
    "1data-testid",
    "0id",
    "0aria-label",
    "1aria-label",
  ],
  Array [
    "0data-testid",
    "1data-qa",
    "1data-testid",
    "1id",
    "0aria-label",
    "1aria-label",
  ],
  Array [
    "0data-testid",
    "1data-qa",
    "1data-testid",
    "0text",
    "1text",
    "0aria-label",
  ],
  Array [
    "0data-testid",
    "1data-qa",
    "1data-testid",
    "0text",
    "1text",
    "1aria-label",
  ],
  Array [
    "0data-testid",
    "1data-qa",
    "0id",
    "1id",
    "0text",
    "0aria-label",
  ],
  Array [
    "0data-testid",
    "1data-qa",
    "0id",
    "1id",
    "0text",
    "1aria-label",
  ],
  Array [
    "0data-testid",
    "1data-qa",
    "0id",
    "1id",
    "1text",
    "0aria-label",
  ],
  Array [
    "0data-testid",
    "1data-qa",
    "0id",
    "1id",
    "1text",
    "1aria-label",
  ],
  Array [
    "0data-testid",
    "1data-qa",
    "0id",
    "0aria-label",
    "1aria-label",
  ],
  Array [
    "0data-testid",
    "1data-qa",
    "1id",
    "0aria-label",
    "1aria-label",
  ],
  Array [
    "0data-testid",
    "1data-qa",
    "0text",
    "1text",
    "0aria-label",
  ],
  Array [
    "0data-testid",
    "1data-qa",
    "0text",
    "1text",
    "1aria-label",
  ],
  Array [
    "0data-testid",
    "1data-testid",
    "0id",
    "1id",
    "0text",
    "0aria-label",
  ],
  Array [
    "0data-testid",
    "1data-testid",
    "0id",
    "1id",
    "0text",
    "1aria-label",
  ],
  Array [
    "0data-testid",
    "1data-testid",
    "0id",
    "1id",
    "1text",
    "0aria-label",
  ],
  Array [
    "0data-testid",
    "1data-testid",
    "0id",
    "1id",
    "1text",
    "1aria-label",
  ],
  Array [
    "0data-testid",
    "1data-testid",
    "0id",
    "0aria-label",
    "1aria-label",
  ],
  Array [
    "0data-testid",
    "1data-testid",
    "1id",
    "0aria-label",
    "1aria-label",
  ],
  Array [
    "0data-testid",
    "1data-testid",
    "0text",
    "1text",
    "0aria-label",
  ],
  Array [
    "0data-testid",
    "1data-testid",
    "0text",
    "1text",
    "1aria-label",
  ],
  Array [
    "0data-testid",
    "0id",
    "1id",
    "0text",
    "0aria-label",
  ],
  Array [
    "0data-testid",
    "0id",
    "1id",
    "0text",
    "1aria-label",
  ],
  Array [
    "0data-testid",
    "0id",
    "1id",
    "1text",
    "0aria-label",
  ],
  Array [
    "0data-testid",
    "0id",
    "1id",
    "1text",
    "1aria-label",
  ],
  Array [
    "0data-testid",
    "0id",
    "0aria-label",
    "1aria-label",
  ],
  Array [
    "0data-testid",
    "1id",
    "0aria-label",
    "1aria-label",
  ],
  Array [
    "0data-testid",
    "0text",
    "1text",
    "0aria-label",
  ],
  Array [
    "0data-testid",
    "0text",
    "1text",
    "1aria-label",
  ],
  Array [
    "0id",
    "1id",
    "0text",
    "0aria-label",
  ],
  Array [
    "0id",
    "1id",
    "0text",
    "1aria-label",
  ],
  Array [
    "0id",
    "1id",
    "1text",
    "0aria-label",
  ],
  Array [
    "0id",
    "1id",
    "1text",
    "1aria-label",
  ],
  Array [
    "0id",
    "0aria-label",
    "1aria-label",
  ],
  Array [
    "0text",
    "1text",
    "0aria-label",
  ],
  Array [
    "0text",
    "1text",
    "1aria-label",
  ],
  Array [
    "0data-qa",
    "0data-testid",
    "1data-qa",
    "1data-testid",
    "0id",
    "1id",
    "0aria-label",
    "1aria-label",
  ],
  Array [
    "0data-qa",
    "0data-testid",
    "1data-qa",
    "1data-testid",
    "0id",
    "0text",
    "1text",
    "0aria-label",
  ],
  Array [
    "0data-qa",
    "0data-testid",
    "1data-qa",
    "1data-testid",
    "0id",
    "0text",
    "1text",
    "1aria-label",
  ],
  Array [
    "0data-qa",
    "0data-testid",
    "1data-qa",
    "1data-testid",
    "1id",
    "0text",
    "1text",
    "0aria-label",
  ],
  Array [
    "0data-qa",
    "0data-testid",
    "1data-qa",
    "1data-testid",
    "1id",
    "0text",
    "1text",
    "1aria-label",
  ],
  Array [
    "0data-qa",
    "0data-testid",
    "1data-qa",
    "0id",
    "1id",
    "0aria-label",
    "1aria-label",
  ],
  Array [
    "0data-qa",
    "0data-testid",
    "1data-qa",
    "0id",
    "0text",
    "1text",
    "0aria-label",
  ],
  Array [
    "0data-qa",
    "0data-testid",
    "1data-qa",
    "0id",
    "0text",
    "1text",
    "1aria-label",
  ],
  Array [
    "0data-qa",
    "0data-testid",
    "1data-qa",
    "1id",
    "0text",
    "1text",
    "0aria-label",
  ],
  Array [
    "0data-qa",
    "0data-testid",
    "1data-qa",
    "1id",
    "0text",
    "1text",
    "1aria-label",
  ],
  Array [
    "0data-qa",
    "0data-testid",
    "1data-testid",
    "0id",
    "1id",
    "0aria-label",
    "1aria-label",
  ],
  Array [
    "0data-qa",
    "0data-testid",
    "1data-testid",
    "0id",
    "0text",
    "1text",
    "0aria-label",
  ],
  Array [
    "0data-qa",
    "0data-testid",
    "1data-testid",
    "0id",
    "0text",
    "1text",
    "1aria-label",
  ],
  Array [
    "0data-qa",
    "0data-testid",
    "1data-testid",
    "1id",
    "0text",
    "1text",
    "0aria-label",
  ],
  Array [
    "0data-qa",
    "0data-testid",
    "1data-testid",
    "1id",
    "0text",
    "1text",
    "1aria-label",
  ],
  Array [
    "0data-qa",
    "0data-testid",
    "0id",
    "1id",
    "0aria-label",
    "1aria-label",
  ],
  Array [
    "0data-qa",
    "0data-testid",
    "0id",
    "0text",
    "1text",
    "0aria-label",
  ],
  Array [
    "0data-qa",
    "0data-testid",
    "0id",
    "0text",
    "1text",
    "1aria-label",
  ],
  Array [
    "0data-qa",
    "0data-testid",
    "1id",
    "0text",
    "1text",
    "0aria-label",
  ],
  Array [
    "0data-qa",
    "0data-testid",
    "1id",
    "0text",
    "1text",
    "1aria-label",
  ],
  Array [
    "0data-qa",
    "1data-qa",
    "1data-testid",
    "0id",
    "1id",
    "0aria-label",
    "1aria-label",
  ],
  Array [
    "0data-qa",
    "1data-qa",
    "1data-testid",
    "0id",
    "0text",
    "1text",
    "0aria-label",
  ],
  Array [
    "0data-qa",
    "1data-qa",
    "1data-testid",
    "0id",
    "0text",
    "1text",
    "1aria-label",
  ],
  Array [
    "0data-qa",
    "1data-qa",
    "1data-testid",
    "1id",
    "0text",
    "1text",
    "0aria-label",
  ],
  Array [
    "0data-qa",
    "1data-qa",
    "1data-testid",
    "1id",
    "0text",
    "1text",
    "1aria-label",
  ],
  Array [
    "0data-qa",
    "1data-qa",
    "0id",
    "1id",
    "0aria-label",
    "1aria-label",
  ],
  Array [
    "0data-qa",
    "1data-qa",
    "0id",
    "0text",
    "1text",
    "0aria-label",
  ],
  Array [
    "0data-qa",
    "1data-qa",
    "0id",
    "0text",
    "1text",
    "1aria-label",
  ],
  Array [
    "0data-qa",
    "1data-qa",
    "1id",
    "0text",
    "1text",
    "0aria-label",
  ],
  Array [
    "0data-qa",
    "1data-qa",
    "1id",
    "0text",
    "1text",
    "1aria-label",
  ],
  Array [
    "0data-qa",
    "1data-testid",
    "0id",
    "1id",
    "0aria-label",
    "1aria-label",
  ],
  Array [
    "0data-qa",
    "1data-testid",
    "0id",
    "0text",
    "1text",
    "0aria-label",
  ],
  Array [
    "0data-qa",
    "1data-testid",
    "0id",
    "0text",
    "1text",
    "1aria-label",
  ],
  Array [
    "0data-qa",
    "1data-testid",
    "1id",
    "0text",
    "1text",
    "0aria-label",
  ],
  Array [
    "0data-qa",
    "1data-testid",
    "1id",
    "0text",
    "1text",
    "1aria-label",
  ],
  Array [
    "0data-qa",
    "0id",
    "1id",
    "0aria-label",
    "1aria-label",
  ],
  Array [
    "0data-qa",
    "0id",
    "0text",
    "1text",
    "0aria-label",
  ],
  Array [
    "0data-qa",
    "0id",
    "0text",
    "1text",
    "1aria-label",
  ],
  Array [
    "0data-qa",
    "1id",
    "0text",
    "1text",
    "0aria-label",
  ],
  Array [
    "0data-qa",
    "1id",
    "0text",
    "1text",
    "1aria-label",
  ],
  Array [
    "0data-testid",
    "1data-qa",
    "1data-testid",
    "0id",
    "1id",
    "0aria-label",
    "1aria-label",
  ],
  Array [
    "0data-testid",
    "1data-qa",
    "1data-testid",
    "0id",
    "0text",
    "1text",
    "0aria-label",
  ],
  Array [
    "0data-testid",
    "1data-qa",
    "1data-testid",
    "0id",
    "0text",
    "1text",
    "1aria-label",
  ],
  Array [
    "0data-testid",
    "1data-qa",
    "1data-testid",
    "1id",
    "0text",
    "1text",
    "0aria-label",
  ],
  Array [
    "0data-testid",
    "1data-qa",
    "1data-testid",
    "1id",
    "0text",
    "1text",
    "1aria-label",
  ],
  Array [
    "0data-testid",
    "1data-qa",
    "0id",
    "1id",
    "0aria-label",
    "1aria-label",
  ],
  Array [
    "0data-testid",
    "1data-qa",
    "0id",
    "0text",
    "1text",
    "0aria-label",
  ],
  Array [
    "0data-testid",
    "1data-qa",
    "0id",
    "0text",
    "1text",
    "1aria-label",
  ],
  Array [
    "0data-testid",
    "1data-qa",
    "1id",
    "0text",
    "1text",
    "0aria-label",
  ],
  Array [
    "0data-testid",
    "1data-qa",
    "1id",
    "0text",
    "1text",
    "1aria-label",
  ],
  Array [
    "0data-testid",
    "1data-testid",
    "0id",
    "1id",
    "0aria-label",
    "1aria-label",
  ],
  Array [
    "0data-testid",
    "1data-testid",
    "0id",
    "0text",
    "1text",
    "0aria-label",
  ],
  Array [
    "0data-testid",
    "1data-testid",
    "0id",
    "0text",
    "1text",
    "1aria-label",
  ],
  Array [
    "0data-testid",
    "1data-testid",
    "1id",
    "0text",
    "1text",
    "0aria-label",
  ],
  Array [
    "0data-testid",
    "1data-testid",
    "1id",
    "0text",
    "1text",
    "1aria-label",
  ],
  Array [
    "0data-testid",
    "0id",
    "1id",
    "0aria-label",
    "1aria-label",
  ],
  Array [
    "0data-testid",
    "0id",
    "0text",
    "1text",
    "0aria-label",
  ],
  Array [
    "0data-testid",
    "0id",
    "0text",
    "1text",
    "1aria-label",
  ],
  Array [
    "0data-testid",
    "1id",
    "0text",
    "1text",
    "0aria-label",
  ],
  Array [
    "0data-testid",
    "1id",
    "0text",
    "1text",
    "1aria-label",
  ],
  Array [
    "0id",
    "1id",
    "0aria-label",
    "1aria-label",
  ],
  Array [
    "0id",
    "0text",
    "1text",
    "0aria-label",
  ],
  Array [
    "0id",
    "0text",
    "1text",
    "1aria-label",
  ],
  Array [
    "0data-qa",
    "0data-testid",
    "1data-qa",
    "1data-testid",
    "0id",
    "1id",
    "0text",
    "1text",
    "0aria-label",
  ],
  Array [
    "0data-qa",
    "0data-testid",
    "1data-qa",
    "1data-testid",
    "0id",
    "1id",
    "0text",
    "1text",
    "1aria-label",
  ],
  Array [
    "0data-qa",
    "0data-testid",
    "1data-qa",
    "1data-testid",
    "0text",
    "0aria-label",
    "1aria-label",
  ],
  Array [
    "0data-qa",
    "0data-testid",
    "1data-qa",
    "1data-testid",
    "1text",
    "0aria-label",
    "1aria-label",
  ],
  Array [
    "0data-qa",
    "0data-testid",
    "1data-qa",
    "0id",
    "1id",
    "0text",
    "1text",
    "0aria-label",
  ],
  Array [
    "0data-qa",
    "0data-testid",
    "1data-qa",
    "0id",
    "1id",
    "0text",
    "1text",
    "1aria-label",
  ],
  Array [
    "0data-qa",
    "0data-testid",
    "1data-qa",
    "0text",
    "0aria-label",
    "1aria-label",
  ],
  Array [
    "0data-qa",
    "0data-testid",
    "1data-qa",
    "1text",
    "0aria-label",
    "1aria-label",
  ],
  Array [
    "0data-qa",
    "0data-testid",
    "1data-testid",
    "0id",
    "1id",
    "0text",
    "1text",
    "0aria-label",
  ],
  Array [
    "0data-qa",
    "0data-testid",
    "1data-testid",
    "0id",
    "1id",
    "0text",
    "1text",
    "1aria-label",
  ],
  Array [
    "0data-qa",
    "0data-testid",
    "1data-testid",
    "0text",
    "0aria-label",
    "1aria-label",
  ],
  Array [
    "0data-qa",
    "0data-testid",
    "1data-testid",
    "1text",
    "0aria-label",
    "1aria-label",
  ],
  Array [
    "0data-qa",
    "0data-testid",
    "0id",
    "1id",
    "0text",
    "1text",
    "0aria-label",
  ],
  Array [
    "0data-qa",
    "0data-testid",
    "0id",
    "1id",
    "0text",
    "1text",
    "1aria-label",
  ],
  Array [
    "0data-qa",
    "0data-testid",
    "0text",
    "0aria-label",
    "1aria-label",
  ],
  Array [
    "0data-qa",
    "0data-testid",
    "1text",
    "0aria-label",
    "1aria-label",
  ],
  Array [
    "0data-qa",
    "1data-qa",
    "1data-testid",
    "0id",
    "1id",
    "0text",
    "1text",
    "0aria-label",
  ],
  Array [
    "0data-qa",
    "1data-qa",
    "1data-testid",
    "0id",
    "1id",
    "0text",
    "1text",
    "1aria-label",
  ],
  Array [
    "0data-qa",
    "1data-qa",
    "1data-testid",
    "0text",
    "0aria-label",
    "1aria-label",
  ],
  Array [
    "0data-qa",
    "1data-qa",
    "1data-testid",
    "1text",
    "0aria-label",
    "1aria-label",
  ],
  Array [
    "0data-qa",
    "1data-qa",
    "0id",
    "1id",
    "0text",
    "1text",
    "0aria-label",
  ],
  Array [
    "0data-qa",
    "1data-qa",
    "0id",
    "1id",
    "0text",
    "1text",
    "1aria-label",
  ],
  Array [
    "0data-qa",
    "1data-qa",
    "0text",
    "0aria-label",
    "1aria-label",
  ],
  Array [
    "0data-qa",
    "1data-qa",
    "1text",
    "0aria-label",
    "1aria-label",
  ],
  Array [
    "0data-qa",
    "1data-testid",
    "0id",
    "1id",
    "0text",
    "1text",
    "0aria-label",
  ],
  Array [
    "0data-qa",
    "1data-testid",
    "0id",
    "1id",
    "0text",
    "1text",
    "1aria-label",
  ],
  Array [
    "0data-qa",
    "1data-testid",
    "0text",
    "0aria-label",
    "1aria-label",
  ],
  Array [
    "0data-qa",
    "1data-testid",
    "1text",
    "0aria-label",
    "1aria-label",
  ],
  Array [
    "0data-qa",
    "0id",
    "1id",
    "0text",
    "1text",
    "0aria-label",
  ],
  Array [
    "0data-qa",
    "0id",
    "1id",
    "0text",
    "1text",
    "1aria-label",
  ],
  Array [
    "0data-qa",
    "0text",
    "0aria-label",
    "1aria-label",
  ],
  Array [
    "0data-qa",
    "1text",
    "0aria-label",
    "1aria-label",
  ],
  Array [
    "0data-testid",
    "1data-qa",
    "1data-testid",
    "0id",
    "1id",
    "0text",
    "1text",
    "0aria-label",
  ],
  Array [
    "0data-testid",
    "1data-qa",
    "1data-testid",
    "0id",
    "1id",
    "0text",
    "1text",
    "1aria-label",
  ],
  Array [
    "0data-testid",
    "1data-qa",
    "1data-testid",
    "0text",
    "0aria-label",
    "1aria-label",
  ],
  Array [
    "0data-testid",
    "1data-qa",
    "1data-testid",
    "1text",
    "0aria-label",
    "1aria-label",
  ],
  Array [
    "0data-testid",
    "1data-qa",
    "0id",
    "1id",
    "0text",
    "1text",
    "0aria-label",
  ],
  Array [
    "0data-testid",
    "1data-qa",
    "0id",
    "1id",
    "0text",
    "1text",
    "1aria-label",
  ],
  Array [
    "0data-testid",
    "1data-qa",
    "0text",
    "0aria-label",
    "1aria-label",
  ],
  Array [
    "0data-testid",
    "1data-qa",
    "1text",
    "0aria-label",
    "1aria-label",
  ],
  Array [
    "0data-testid",
    "1data-testid",
    "0id",
    "1id",
    "0text",
    "1text",
    "0aria-label",
  ],
  Array [
    "0data-testid",
    "1data-testid",
    "0id",
    "1id",
    "0text",
    "1text",
    "1aria-label",
  ],
  Array [
    "0data-testid",
    "1data-testid",
    "0text",
    "0aria-label",
    "1aria-label",
  ],
  Array [
    "0data-testid",
    "1data-testid",
    "1text",
    "0aria-label",
    "1aria-label",
  ],
  Array [
    "0data-testid",
    "0id",
    "1id",
    "0text",
    "1text",
    "0aria-label",
  ],
  Array [
    "0data-testid",
    "0id",
    "1id",
    "0text",
    "1text",
    "1aria-label",
  ],
  Array [
    "0data-testid",
    "0text",
    "0aria-label",
    "1aria-label",
  ],
  Array [
    "0data-testid",
    "1text",
    "0aria-label",
    "1aria-label",
  ],
  Array [
    "0id",
    "1id",
    "0text",
    "1text",
    "0aria-label",
  ],
  Array [
    "0id",
    "1id",
    "0text",
    "1text",
    "1aria-label",
  ],
  Array [
    "0text",
    "0aria-label",
    "1aria-label",
  ],
  Array [
    "0data-qa",
    "0data-testid",
    "1data-qa",
    "1data-testid",
    "0id",
    "0text",
    "0aria-label",
    "1aria-label",
  ],
  Array [
    "0data-qa",
    "0data-testid",
    "1data-qa",
    "1data-testid",
    "0id",
    "1text",
    "0aria-label",
    "1aria-label",
  ],
  Array [
    "0data-qa",
    "0data-testid",
    "1data-qa",
    "1data-testid",
    "1id",
    "0text",
    "0aria-label",
    "1aria-label",
  ],
  Array [
    "0data-qa",
    "0data-testid",
    "1data-qa",
    "1data-testid",
    "1id",
    "1text",
    "0aria-label",
    "1aria-label",
  ],
  Array [
    "0data-qa",
    "0data-testid",
    "1data-qa",
    "0id",
    "0text",
    "0aria-label",
    "1aria-label",
  ],
  Array [
    "0data-qa",
    "0data-testid",
    "1data-qa",
    "0id",
    "1text",
    "0aria-label",
    "1aria-label",
  ],
  Array [
    "0data-qa",
    "0data-testid",
    "1data-qa",
    "1id",
    "0text",
    "0aria-label",
    "1aria-label",
  ],
  Array [
    "0data-qa",
    "0data-testid",
    "1data-qa",
    "1id",
    "1text",
    "0aria-label",
    "1aria-label",
  ],
  Array [
    "0data-qa",
    "0data-testid",
    "1data-testid",
    "0id",
    "0text",
    "0aria-label",
    "1aria-label",
  ],
  Array [
    "0data-qa",
    "0data-testid",
    "1data-testid",
    "0id",
    "1text",
    "0aria-label",
    "1aria-label",
  ],
  Array [
    "0data-qa",
    "0data-testid",
    "1data-testid",
    "1id",
    "0text",
    "0aria-label",
    "1aria-label",
  ],
  Array [
    "0data-qa",
    "0data-testid",
    "1data-testid",
    "1id",
    "1text",
    "0aria-label",
    "1aria-label",
  ],
  Array [
    "0data-qa",
    "0data-testid",
    "0id",
    "0text",
    "0aria-label",
    "1aria-label",
  ],
  Array [
    "0data-qa",
    "0data-testid",
    "0id",
    "1text",
    "0aria-label",
    "1aria-label",
  ],
  Array [
    "0data-qa",
    "0data-testid",
    "1id",
    "0text",
    "0aria-label",
    "1aria-label",
  ],
  Array [
    "0data-qa",
    "0data-testid",
    "1id",
    "1text",
    "0aria-label",
    "1aria-label",
  ],
  Array [
    "0data-qa",
    "1data-qa",
    "1data-testid",
    "0id",
    "0text",
    "0aria-label",
    "1aria-label",
  ],
  Array [
    "0data-qa",
    "1data-qa",
    "1data-testid",
    "0id",
    "1text",
    "0aria-label",
    "1aria-label",
  ],
  Array [
    "0data-qa",
    "1data-qa",
    "1data-testid",
    "1id",
    "0text",
    "0aria-label",
    "1aria-label",
  ],
  Array [
    "0data-qa",
    "1data-qa",
    "1data-testid",
    "1id",
    "1text",
    "0aria-label",
    "1aria-label",
  ],
  Array [
    "0data-qa",
    "1data-qa",
    "0id",
    "0text",
    "0aria-label",
    "1aria-label",
  ],
  Array [
    "0data-qa",
    "1data-qa",
    "0id",
    "1text",
    "0aria-label",
    "1aria-label",
  ],
  Array [
    "0data-qa",
    "1data-qa",
    "1id",
    "0text",
    "0aria-label",
    "1aria-label",
  ],
  Array [
    "0data-qa",
    "1data-qa",
    "1id",
    "1text",
    "0aria-label",
    "1aria-label",
  ],
  Array [
    "0data-qa",
    "1data-testid",
    "0id",
    "0text",
    "0aria-label",
    "1aria-label",
  ],
  Array [
    "0data-qa",
    "1data-testid",
    "0id",
    "1text",
    "0aria-label",
    "1aria-label",
  ],
  Array [
    "0data-qa",
    "1data-testid",
    "1id",
    "0text",
    "0aria-label",
    "1aria-label",
  ],
  Array [
    "0data-qa",
    "1data-testid",
    "1id",
    "1text",
    "0aria-label",
    "1aria-label",
  ],
  Array [
    "0data-qa",
    "0id",
    "0text",
    "0aria-label",
    "1aria-label",
  ],
  Array [
    "0data-qa",
    "0id",
    "1text",
    "0aria-label",
    "1aria-label",
  ],
  Array [
    "0data-qa",
    "1id",
    "0text",
    "0aria-label",
    "1aria-label",
  ],
  Array [
    "0data-qa",
    "1id",
    "1text",
    "0aria-label",
    "1aria-label",
  ],
  Array [
    "0data-testid",
    "1data-qa",
    "1data-testid",
    "0id",
    "0text",
    "0aria-label",
    "1aria-label",
  ],
  Array [
    "0data-testid",
    "1data-qa",
    "1data-testid",
    "0id",
    "1text",
    "0aria-label",
    "1aria-label",
  ],
  Array [
    "0data-testid",
    "1data-qa",
    "1data-testid",
    "1id",
    "0text",
    "0aria-label",
    "1aria-label",
  ],
  Array [
    "0data-testid",
    "1data-qa",
    "1data-testid",
    "1id",
    "1text",
    "0aria-label",
    "1aria-label",
  ],
  Array [
    "0data-testid",
    "1data-qa",
    "0id",
    "0text",
    "0aria-label",
    "1aria-label",
  ],
  Array [
    "0data-testid",
    "1data-qa",
    "0id",
    "1text",
    "0aria-label",
    "1aria-label",
  ],
  Array [
    "0data-testid",
    "1data-qa",
    "1id",
    "0text",
    "0aria-label",
    "1aria-label",
  ],
  Array [
    "0data-testid",
    "1data-qa",
    "1id",
    "1text",
    "0aria-label",
    "1aria-label",
  ],
  Array [
    "0data-testid",
    "1data-testid",
    "0id",
    "0text",
    "0aria-label",
    "1aria-label",
  ],
  Array [
    "0data-testid",
    "1data-testid",
    "0id",
    "1text",
    "0aria-label",
    "1aria-label",
  ],
  Array [
    "0data-testid",
    "1data-testid",
    "1id",
    "0text",
    "0aria-label",
    "1aria-label",
  ],
  Array [
    "0data-testid",
    "1data-testid",
    "1id",
    "1text",
    "0aria-label",
    "1aria-label",
  ],
  Array [
    "0data-testid",
    "0id",
    "0text",
    "0aria-label",
    "1aria-label",
  ],
  Array [
    "0data-testid",
    "0id",
    "1text",
    "0aria-label",
    "1aria-label",
  ],
  Array [
    "0data-testid",
    "1id",
    "0text",
    "0aria-label",
    "1aria-label",
  ],
  Array [
    "0data-testid",
    "1id",
    "1text",
    "0aria-label",
    "1aria-label",
  ],
  Array [
    "0id",
    "0text",
    "0aria-label",
    "1aria-label",
  ],
  Array [
    "0id",
    "1text",
    "0aria-label",
    "1aria-label",
  ],
  Array [
    "0data-qa",
    "0data-testid",
    "1data-qa",
    "1data-testid",
    "0id",
    "1id",
    "0text",
    "0aria-label",
    "1aria-label",
  ],
  Array [
    "0data-qa",
    "0data-testid",
    "1data-qa",
    "1data-testid",
    "0id",
    "1id",
    "1text",
    "0aria-label",
    "1aria-label",
  ],
  Array [
    "0data-qa",
    "0data-testid",
    "1data-qa",
    "1data-testid",
    "0text",
    "1text",
    "0aria-label",
    "1aria-label",
  ],
  Array [
    "0data-qa",
    "0data-testid",
    "1data-qa",
    "0id",
    "1id",
    "0text",
    "0aria-label",
    "1aria-label",
  ],
  Array [
    "0data-qa",
    "0data-testid",
    "1data-qa",
    "0id",
    "1id",
    "1text",
    "0aria-label",
    "1aria-label",
  ],
  Array [
    "0data-qa",
    "0data-testid",
    "1data-qa",
    "0text",
    "1text",
    "0aria-label",
    "1aria-label",
  ],
  Array [
    "0data-qa",
    "0data-testid",
    "1data-testid",
    "0id",
    "1id",
    "0text",
    "0aria-label",
    "1aria-label",
  ],
  Array [
    "0data-qa",
    "0data-testid",
    "1data-testid",
    "0id",
    "1id",
    "1text",
    "0aria-label",
    "1aria-label",
  ],
  Array [
    "0data-qa",
    "0data-testid",
    "1data-testid",
    "0text",
    "1text",
    "0aria-label",
    "1aria-label",
  ],
  Array [
    "0data-qa",
    "0data-testid",
    "0id",
    "1id",
    "0text",
    "0aria-label",
    "1aria-label",
  ],
  Array [
    "0data-qa",
    "0data-testid",
    "0id",
    "1id",
    "1text",
    "0aria-label",
    "1aria-label",
  ],
  Array [
    "0data-qa",
    "0data-testid",
    "0text",
    "1text",
    "0aria-label",
    "1aria-label",
  ],
  Array [
    "0data-qa",
    "1data-qa",
    "1data-testid",
    "0id",
    "1id",
    "0text",
    "0aria-label",
    "1aria-label",
  ],
  Array [
    "0data-qa",
    "1data-qa",
    "1data-testid",
    "0id",
    "1id",
    "1text",
    "0aria-label",
    "1aria-label",
  ],
  Array [
    "0data-qa",
    "1data-qa",
    "1data-testid",
    "0text",
    "1text",
    "0aria-label",
    "1aria-label",
  ],
  Array [
    "0data-qa",
    "1data-qa",
    "0id",
    "1id",
    "0text",
    "0aria-label",
    "1aria-label",
  ],
  Array [
    "0data-qa",
    "1data-qa",
    "0id",
    "1id",
    "1text",
    "0aria-label",
    "1aria-label",
  ],
  Array [
    "0data-qa",
    "1data-qa",
    "0text",
    "1text",
    "0aria-label",
    "1aria-label",
  ],
  Array [
    "0data-qa",
    "1data-testid",
    "0id",
    "1id",
    "0text",
    "0aria-label",
    "1aria-label",
  ],
  Array [
    "0data-qa",
    "1data-testid",
    "0id",
    "1id",
    "1text",
    "0aria-label",
    "1aria-label",
  ],
  Array [
    "0data-qa",
    "1data-testid",
    "0text",
    "1text",
    "0aria-label",
    "1aria-label",
  ],
  Array [
    "0data-qa",
    "0id",
    "1id",
    "0text",
    "0aria-label",
    "1aria-label",
  ],
  Array [
    "0data-qa",
    "0id",
    "1id",
    "1text",
    "0aria-label",
    "1aria-label",
  ],
  Array [
    "0data-qa",
    "0text",
    "1text",
    "0aria-label",
    "1aria-label",
  ],
  Array [
    "0data-testid",
    "1data-qa",
    "1data-testid",
    "0id",
    "1id",
    "0text",
    "0aria-label",
    "1aria-label",
  ],
  Array [
    "0data-testid",
    "1data-qa",
    "1data-testid",
    "0id",
    "1id",
    "1text",
    "0aria-label",
    "1aria-label",
  ],
  Array [
    "0data-testid",
    "1data-qa",
    "1data-testid",
    "0text",
    "1text",
    "0aria-label",
    "1aria-label",
  ],
  Array [
    "0data-testid",
    "1data-qa",
    "0id",
    "1id",
    "0text",
    "0aria-label",
    "1aria-label",
  ],
  Array [
    "0data-testid",
    "1data-qa",
    "0id",
    "1id",
    "1text",
    "0aria-label",
    "1aria-label",
  ],
  Array [
    "0data-testid",
    "1data-qa",
    "0text",
    "1text",
    "0aria-label",
    "1aria-label",
  ],
  Array [
    "0data-testid",
    "1data-testid",
    "0id",
    "1id",
    "0text",
    "0aria-label",
    "1aria-label",
  ],
  Array [
    "0data-testid",
    "1data-testid",
    "0id",
    "1id",
    "1text",
    "0aria-label",
    "1aria-label",
  ],
  Array [
    "0data-testid",
    "1data-testid",
    "0text",
    "1text",
    "0aria-label",
    "1aria-label",
  ],
  Array [
    "0data-testid",
    "0id",
    "1id",
    "0text",
    "0aria-label",
    "1aria-label",
  ],
  Array [
    "0data-testid",
    "0id",
    "1id",
    "1text",
    "0aria-label",
    "1aria-label",
  ],
  Array [
    "0data-testid",
    "0text",
    "1text",
    "0aria-label",
    "1aria-label",
  ],
  Array [
    "0id",
    "1id",
    "0text",
    "0aria-label",
    "1aria-label",
  ],
  Array [
    "0id",
    "1id",
    "1text",
    "0aria-label",
    "1aria-label",
  ],
  Array [
    "0text",
    "1text",
    "0aria-label",
    "1aria-label",
  ],
  Array [
    "0data-qa",
    "0data-testid",
    "1data-qa",
    "1data-testid",
    "0id",
    "0text",
    "1text",
    "0aria-label",
    "1aria-label",
  ],
  Array [
    "0data-qa",
    "0data-testid",
    "1data-qa",
    "1data-testid",
    "1id",
    "0text",
    "1text",
    "0aria-label",
    "1aria-label",
  ],
  Array [
    "0data-qa",
    "0data-testid",
    "1data-qa",
    "0id",
    "0text",
    "1text",
    "0aria-label",
    "1aria-label",
  ],
  Array [
    "0data-qa",
    "0data-testid",
    "1data-qa",
    "1id",
    "0text",
    "1text",
    "0aria-label",
    "1aria-label",
  ],
  Array [
    "0data-qa",
    "0data-testid",
    "1data-testid",
    "0id",
    "0text",
    "1text",
    "0aria-label",
    "1aria-label",
  ],
  Array [
    "0data-qa",
    "0data-testid",
    "1data-testid",
    "1id",
    "0text",
    "1text",
    "0aria-label",
    "1aria-label",
  ],
  Array [
    "0data-qa",
    "0data-testid",
    "0id",
    "0text",
    "1text",
    "0aria-label",
    "1aria-label",
  ],
  Array [
    "0data-qa",
    "0data-testid",
    "1id",
    "0text",
    "1text",
    "0aria-label",
    "1aria-label",
  ],
  Array [
    "0data-qa",
    "1data-qa",
    "1data-testid",
    "0id",
    "0text",
    "1text",
    "0aria-label",
    "1aria-label",
  ],
  Array [
    "0data-qa",
    "1data-qa",
    "1data-testid",
    "1id",
    "0text",
    "1text",
    "0aria-label",
    "1aria-label",
  ],
  Array [
    "0data-qa",
    "1data-qa",
    "0id",
    "0text",
    "1text",
    "0aria-label",
    "1aria-label",
  ],
  Array [
    "0data-qa",
    "1data-qa",
    "1id",
    "0text",
    "1text",
    "0aria-label",
    "1aria-label",
  ],
  Array [
    "0data-qa",
    "1data-testid",
    "0id",
    "0text",
    "1text",
    "0aria-label",
    "1aria-label",
  ],
  Array [
    "0data-qa",
    "1data-testid",
    "1id",
    "0text",
    "1text",
    "0aria-label",
    "1aria-label",
  ],
  Array [
    "0data-qa",
    "0id",
    "0text",
    "1text",
    "0aria-label",
    "1aria-label",
  ],
  Array [
    "0data-qa",
    "1id",
    "0text",
    "1text",
    "0aria-label",
    "1aria-label",
  ],
  Array [
    "0data-testid",
    "1data-qa",
    "1data-testid",
    "0id",
    "0text",
    "1text",
    "0aria-label",
    "1aria-label",
  ],
  Array [
    "0data-testid",
    "1data-qa",
    "1data-testid",
    "1id",
    "0text",
    "1text",
    "0aria-label",
    "1aria-label",
  ],
  Array [
    "0data-testid",
    "1data-qa",
    "0id",
    "0text",
    "1text",
    "0aria-label",
    "1aria-label",
  ],
  Array [
    "0data-testid",
    "1data-qa",
    "1id",
    "0text",
    "1text",
    "0aria-label",
    "1aria-label",
  ],
  Array [
    "0data-testid",
    "1data-testid",
    "0id",
    "0text",
    "1text",
    "0aria-label",
    "1aria-label",
  ],
  Array [
    "0data-testid",
    "1data-testid",
    "1id",
    "0text",
    "1text",
    "0aria-label",
    "1aria-label",
  ],
  Array [
    "0data-testid",
    "0id",
    "0text",
    "1text",
    "0aria-label",
    "1aria-label",
  ],
  Array [
    "0data-testid",
    "1id",
    "0text",
    "1text",
    "0aria-label",
    "1aria-label",
  ],
  Array [
    "0id",
    "0text",
    "1text",
    "0aria-label",
    "1aria-label",
  ],
  Array [
    "0data-qa",
    "0data-testid",
    "1data-qa",
    "1data-testid",
    "0id",
    "1id",
    "0text",
    "1text",
    "0aria-label",
    "1aria-label",
  ],
  Array [
    "0data-qa",
    "0data-testid",
    "1data-qa",
    "0id",
    "1id",
    "0text",
    "1text",
    "0aria-label",
    "1aria-label",
  ],
  Array [
    "0data-qa",
    "0data-testid",
    "1data-testid",
    "0id",
    "1id",
    "0text",
    "1text",
    "0aria-label",
    "1aria-label",
  ],
  Array [
    "0data-qa",
    "0data-testid",
    "0id",
    "1id",
    "0text",
    "1text",
    "0aria-label",
    "1aria-label",
  ],
  Array [
    "0data-qa",
    "1data-qa",
    "1data-testid",
    "0id",
    "1id",
    "0text",
    "1text",
    "0aria-label",
    "1aria-label",
  ],
  Array [
    "0data-qa",
    "1data-qa",
    "0id",
    "1id",
    "0text",
    "1text",
    "0aria-label",
    "1aria-label",
  ],
  Array [
    "0data-qa",
    "1data-testid",
    "0id",
    "1id",
    "0text",
    "1text",
    "0aria-label",
    "1aria-label",
  ],
  Array [
    "0data-qa",
    "0id",
    "1id",
    "0text",
    "1text",
    "0aria-label",
    "1aria-label",
  ],
  Array [
    "0data-testid",
    "1data-qa",
    "1data-testid",
    "0id",
    "1id",
    "0text",
    "1text",
    "0aria-label",
    "1aria-label",
  ],
  Array [
    "0data-testid",
    "1data-qa",
    "0id",
    "1id",
    "0text",
    "1text",
    "0aria-label",
    "1aria-label",
  ],
  Array [
    "0data-testid",
    "1data-testid",
    "0id",
    "1id",
    "0text",
    "1text",
    "0aria-label",
    "1aria-label",
  ],
  Array [
    "0data-testid",
    "0id",
    "1id",
    "0text",
    "1text",
    "0aria-label",
    "1aria-label",
  ],
  Array [
    "0id",
    "1id",
    "0text",
    "1text",
    "0aria-label",
    "1aria-label",
  ],
]
`;
